Component: ARM Compiler 5.05 update 1 (build 106) Tool: armlink [4d0efa]

==============================================================================

Section Cross References

    startup_stm32f10x_hd.o(STACK) refers (Special) to heapauxi.o(.text) for __use_two_region_memory
    startup_stm32f10x_hd.o(HEAP) refers (Special) to heapauxi.o(.text) for __use_two_region_memory
    startup_stm32f10x_hd.o(RESET) refers (Special) to heapauxi.o(.text) for __use_two_region_memory
    startup_stm32f10x_hd.o(RESET) refers to startup_stm32f10x_hd.o(STACK) for __initial_sp
    startup_stm32f10x_hd.o(RESET) refers to startup_stm32f10x_hd.o(.text) for Reset_Handler
    startup_stm32f10x_hd.o(RESET) refers to stm32f10x_it.o(i.NMI_Handler) for NMI_Handler
    startup_stm32f10x_hd.o(RESET) refers to stm32f10x_it.o(i.HardFault_Handler) for HardFault_Handler
    startup_stm32f10x_hd.o(RESET) refers to stm32f10x_it.o(i.MemManage_Handler) for MemManage_Handler
    startup_stm32f10x_hd.o(RESET) refers to stm32f10x_it.o(i.BusFault_Handler) for BusFault_Handler
    startup_stm32f10x_hd.o(RESET) refers to stm32f10x_it.o(i.UsageFault_Handler) for UsageFault_Handler
    startup_stm32f10x_hd.o(RESET) refers to stm32f10x_it.o(i.SVC_Handler) for SVC_Handler
    startup_stm32f10x_hd.o(RESET) refers to stm32f10x_it.o(i.DebugMon_Handler) for DebugMon_Handler
    startup_stm32f10x_hd.o(RESET) refers to stm32f10x_it.o(i.PendSV_Handler) for PendSV_Handler
    startup_stm32f10x_hd.o(RESET) refers to stm32f10x_it.o(i.SysTick_Handler) for SysTick_Handler
    startup_stm32f10x_hd.o(RESET) refers to stm32f10x_it.o(i.TIM3_IRQHandler) for TIM3_IRQHandler
    startup_stm32f10x_hd.o(.text) refers (Special) to heapauxi.o(.text) for __use_two_region_memory
    startup_stm32f10x_hd.o(.text) refers to system_stm32f10x.o(i.SystemInit) for SystemInit
    startup_stm32f10x_hd.o(.text) refers to __main.o(!!!main) for __main
    startup_stm32f10x_hd.o(.text) refers to startup_stm32f10x_hd.o(HEAP) for Heap_Mem
    startup_stm32f10x_hd.o(.text) refers to startup_stm32f10x_hd.o(STACK) for Stack_Mem
    stm32f10x_gpio.o(i.GPIO_AFIODeInit) refers to stm32f10x_rcc.o(i.RCC_APB2PeriphResetCmd) for RCC_APB2PeriphResetCmd
    stm32f10x_gpio.o(i.GPIO_DeInit) refers to stm32f10x_rcc.o(i.RCC_APB2PeriphResetCmd) for RCC_APB2PeriphResetCmd
    stm32f10x_rcc.o(i.RCC_GetClocksFreq) refers to stm32f10x_rcc.o(.data) for APBAHBPrescTable
    stm32f10x_rcc.o(i.RCC_WaitForHSEStartUp) refers to stm32f10x_rcc.o(i.RCC_GetFlagStatus) for RCC_GetFlagStatus
    stm32f10x_tim.o(i.TIM_DeInit) refers to stm32f10x_rcc.o(i.RCC_APB2PeriphResetCmd) for RCC_APB2PeriphResetCmd
    stm32f10x_tim.o(i.TIM_DeInit) refers to stm32f10x_rcc.o(i.RCC_APB1PeriphResetCmd) for RCC_APB1PeriphResetCmd
    stm32f10x_tim.o(i.TIM_ETRClockMode1Config) refers to stm32f10x_tim.o(i.TIM_ETRConfig) for TIM_ETRConfig
    stm32f10x_tim.o(i.TIM_ETRClockMode2Config) refers to stm32f10x_tim.o(i.TIM_ETRConfig) for TIM_ETRConfig
    stm32f10x_tim.o(i.TIM_ICInit) refers to stm32f10x_tim.o(i.TI1_Config) for TI1_Config
    stm32f10x_tim.o(i.TIM_ICInit) refers to stm32f10x_tim.o(i.TIM_SetIC1Prescaler) for TIM_SetIC1Prescaler
    stm32f10x_tim.o(i.TIM_ICInit) refers to stm32f10x_tim.o(i.TI2_Config) for TI2_Config
    stm32f10x_tim.o(i.TIM_ICInit) refers to stm32f10x_tim.o(i.TIM_SetIC2Prescaler) for TIM_SetIC2Prescaler
    stm32f10x_tim.o(i.TIM_ICInit) refers to stm32f10x_tim.o(i.TI3_Config) for TI3_Config
    stm32f10x_tim.o(i.TIM_ICInit) refers to stm32f10x_tim.o(i.TIM_SetIC3Prescaler) for TIM_SetIC3Prescaler
    stm32f10x_tim.o(i.TIM_ICInit) refers to stm32f10x_tim.o(i.TI4_Config) for TI4_Config
    stm32f10x_tim.o(i.TIM_ICInit) refers to stm32f10x_tim.o(i.TIM_SetIC4Prescaler) for TIM_SetIC4Prescaler
    stm32f10x_tim.o(i.TIM_ITRxExternalClockConfig) refers to stm32f10x_tim.o(i.TIM_SelectInputTrigger) for TIM_SelectInputTrigger
    stm32f10x_tim.o(i.TIM_PWMIConfig) refers to stm32f10x_tim.o(i.TI1_Config) for TI1_Config
    stm32f10x_tim.o(i.TIM_PWMIConfig) refers to stm32f10x_tim.o(i.TIM_SetIC1Prescaler) for TIM_SetIC1Prescaler
    stm32f10x_tim.o(i.TIM_PWMIConfig) refers to stm32f10x_tim.o(i.TI2_Config) for TI2_Config
    stm32f10x_tim.o(i.TIM_PWMIConfig) refers to stm32f10x_tim.o(i.TIM_SetIC2Prescaler) for TIM_SetIC2Prescaler
    stm32f10x_tim.o(i.TIM_TIxExternalClockConfig) refers to stm32f10x_tim.o(i.TI2_Config) for TI2_Config
    stm32f10x_tim.o(i.TIM_TIxExternalClockConfig) refers to stm32f10x_tim.o(i.TI1_Config) for TI1_Config
    stm32f10x_tim.o(i.TIM_TIxExternalClockConfig) refers to stm32f10x_tim.o(i.TIM_SelectInputTrigger) for TIM_SelectInputTrigger
    stm32f10x_usart.o(i.USART_DeInit) refers to stm32f10x_rcc.o(i.RCC_APB2PeriphResetCmd) for RCC_APB2PeriphResetCmd
    stm32f10x_usart.o(i.USART_DeInit) refers to stm32f10x_rcc.o(i.RCC_APB1PeriphResetCmd) for RCC_APB1PeriphResetCmd
    stm32f10x_usart.o(i.USART_Init) refers to stm32f10x_rcc.o(i.RCC_GetClocksFreq) for RCC_GetClocksFreq
[...]
    Removing stm32f10x_gpio.o(i.GPIO_ETH_MediaInterfaceConfig), (12 bytes).
    Removing stm32f10x_gpio.o(i.GPIO_EXTILineConfig), (64 bytes).
    Removing stm32f10x_gpio.o(i.GPIO_EventOutputCmd), (12 bytes).
    Removing stm32f10x_gpio.o(i.GPIO_EventOutputConfig), (32 bytes).
    Removing stm32f10x_gpio.o(i.GPIO_PinLockConfig), (18 bytes).
    Removing stm32f10x_gpio.o(i.GPIO_PinRemapConfig), (144 bytes).
    Removing stm32f10x_gpio.o(i.GPIO_ReadInputData), (8 bytes).
    Removing stm32f10x_gpio.o(i.GPIO_ReadOutputData), (8 bytes).
    Removing stm32f10x_gpio.o(i.GPIO_ReadOutputDataBit), (18 bytes).
    Removing stm32f10x_gpio.o(i.GPIO_StructInit), (16 bytes).
    Removing stm32f10x_gpio.o(i.GPIO_Write), (4 bytes).
    Removing stm32f10x_gpio.o(i.GPIO_WriteBit), (10 bytes).
    Removing stm32f10x_rcc.o(i.RCC_ADCCLKConfig), (24 bytes).
    Removing stm32f10x_rcc.o(i.RCC_AHBPeriphClockCmd), (32 bytes).
    Removing stm32f10x_rcc.o(i.RCC_APB1PeriphClockCmd), (32 bytes).
    Removing stm32f10x_rcc.o(i.RCC_APB1PeriphResetCmd), (32 bytes).
    Removing stm32f10x_rcc.o(i.RCC_APB2PeriphResetCmd), (32 bytes).
    Removing stm32f10x_rcc.o(i.RCC_AdjustHSICalibrationValue), (24 bytes).
    Removing stm32f10x_rcc.o(i.RCC_BackupResetCmd), (12 bytes).
    Removing stm32f10x_rcc.o(i.RCC_ClearFlag), (20 bytes).
    Removing stm32f10x_rcc.o(i.RCC_ClearITPendingBit), (12 bytes).
    Removing stm32f10x_rcc.o(i.RCC_ClockSecuritySystemCmd), (12 bytes).
    Removing stm32f10x_rcc.o(i.RCC_DeInit), (76 bytes).
    Removing stm32f10x_rcc.o(i.RCC_GetFlagStatus), (60 bytes).
    Removing stm32f10x_rcc.o(i.RCC_GetITStatus), (24 bytes).
    Removing stm32f10x_rcc.o(i.RCC_GetSYSCLKSource), (16 bytes).
    Removing stm32f10x_rcc.o(i.RCC_HCLKConfig), (24 bytes).
    Removing stm32f10x_rcc.o(i.RCC_HSEConfig), (76 bytes).
    Removing stm32f10x_rcc.o(i.RCC_HSICmd), (12 bytes).
    Removing stm32f10x_rcc.o(i.RCC_ITConfig), (32 bytes).
    Removing stm32f10x_rcc.o(i.RCC_LSEConfig), (52 bytes).
    Removing stm32f10x_rcc.o(i.RCC_LSICmd), (12 bytes).
    Removing stm32f10x_rcc.o(i.RCC_MCOConfig), (12 bytes).
    Removing stm32f10x_rcc.o(i.RCC_PCLK1Config), (24 bytes).
    Removing stm32f10x_rcc.o(i.RCC_PCLK2Config), (24 bytes).
    Removing stm32f10x_rcc.o(i.RCC_PLLCmd), (12 bytes).
    Removing stm32f10x_rcc.o(i.RCC_PLLConfig), (28 bytes).
    Removing stm32f10x_rcc.o(i.RCC_RTCCLKCmd), (12 bytes).
    Removing stm32f10x_rcc.o(i.RCC_RTCCLKConfig), (16 bytes).
    Removing stm32f10x_rcc.o(i.RCC_SYSCLKConfig), (24 bytes).
    Removing stm32f10x_rcc.o(i.RCC_USBCLKConfig), (12 bytes).
    Removing stm32f10x_rcc.o(i.RCC_WaitForHSEStartUp), (56 bytes).
    Removing stm32f10x_exti.o(i.EXTI_ClearFlag), (12 bytes).
    Removing stm32f10x_exti.o(i.EXTI_ClearITPendingBit), (12 bytes).
    Removing stm32f10x_exti.o(i.EXTI_DeInit), (36 bytes).
    Removing stm32f10x_exti.o(i.EXTI_GenerateSWInterrupt), (16 bytes).
    Removing stm32f10x_exti.o(i.EXTI_GetFlagStatus), (24 bytes).
    Removing stm32f10x_exti.o(i.EXTI_GetITStatus), (40 bytes).
    Removing stm32f10x_exti.o(i.EXTI_Init), (148 bytes).
    Removing stm32f10x_exti.o(i.EXTI_StructInit), (16 bytes).
    Removing misc.o(i.NVIC_SetVectorTable), (20 bytes).
    Removing misc.o(i.NVIC_SystemLPConfig), (32 bytes).
    Removing misc.o(i.SysTick_CLKSourceConfig), (40 bytes).
    Removing stm32f10x_tim.o(i.TI1_Config), (128 bytes).
    Removing stm32f10x_tim.o(i.TI2_Config), (152 bytes).
    Removing stm32f10x_tim.o(i.TI3_Config), (144 bytes).
    Removing stm32f10x_tim.o(i.TI4_Config), (152 bytes).
    Removing stm32f10x_tim.o(i.TIM_ARRPreloadConfig), (24 bytes).
    Removing stm32f10x_tim.o(i.TIM_BDTRConfig), (32 bytes).
    Removing stm32f10x_tim.o(i.TIM_BDTRStructInit), (18 bytes).
    Removing stm32f10x_tim.o(i.TIM_CCPreloadControl), (24 bytes).
    Removing stm32f10x_tim.o(i.TIM_CCxCmd), (30 bytes).
    Removing stm32f10x_tim.o(i.TIM_CCxNCmd), (30 bytes).
    Removing stm32f10x_tim.o(i.TIM_ClearFlag), (6 bytes).
    Removing stm32f10x_tim.o(i.TIM_ClearOC1Ref), (18 bytes).
    Removing stm32f10x_tim.o(i.TIM_ClearOC2Ref), (24 bytes).
    Removing stm32f10x_tim.o(i.TIM_ClearOC3Ref), (18 bytes).
    Removing stm32f10x_tim.o(i.TIM_ClearOC4Ref), (24 bytes).
    Removing stm32f10x_tim.o(i.TIM_Cmd), (24 bytes).
    Removing stm32f10x_tim.o(i.TIM_CounterModeConfig), (18 bytes).
    Removing stm32f10x_tim.o(i.TIM_CtrlPWMOutputs), (30 bytes).
    Removing stm32f10x_tim.o(i.TIM_DMACmd), (18 bytes).
    Removing stm32f10x_tim.o(i.TIM_DMAConfig), (10 bytes).
    Removing stm32f10x_tim.o(i.TIM_DeInit), (488 bytes).
    Removing stm32f10x_tim.o(i.TIM_ETRClockMode1Config), (54 bytes).
    Removing stm32f10x_tim.o(i.TIM_ETRClockMode2Config), (32 bytes).
    Removing stm32f10x_tim.o(i.TIM_ETRConfig), (28 bytes).
    Removing stm32f10x_tim.o(i.TIM_EncoderInterfaceConfig), (66 bytes).
    Removing stm32f10x_tim.o(i.TIM_ForcedOC1Config), (18 bytes).
    Removing stm32f10x_tim.o(i.TIM_ForcedOC2Config), (26 bytes).
    Removing stm32f10x_tim.o(i.TIM_ForcedOC3Config), (18 bytes).
    Removing stm32f10x_tim.o(i.TIM_ForcedOC4Config), (26 bytes).
    Removing stm32f10x_tim.o(i.TIM_GenerateEvent), (4 bytes).
    Removing stm32f10x_tim.o(i.TIM_GetCapture1), (6 bytes).
    Removing stm32f10x_tim.o(i.TIM_GetCapture2), (6 bytes).
    Removing stm32f10x_tim.o(i.TIM_GetCapture3), (6 bytes).
    Removing stm32f10x_tim.o(i.TIM_GetCapture4), (8 bytes).
    Removing stm32f10x_tim.o(i.TIM_GetCounter), (6 bytes).
    Removing stm32f10x_tim.o(i.TIM_GetFlagStatus), (18 bytes).
    Removing stm32f10x_tim.o(i.TIM_GetITStatus), (34 bytes).
    Removing stm32f10x_tim.o(i.TIM_GetPrescaler), (6 bytes).
    Removing stm32f10x_tim.o(i.TIM_ICInit), (172 bytes).
    Removing stm32f10x_tim.o(i.TIM_ICStructInit), (18 bytes).
    Removing stm32f10x_tim.o(i.TIM_ITConfig), (18 bytes).
    Removing stm32f10x_tim.o(i.TIM_ITRxExternalClockConfig), (24 bytes).
    Removing stm32f10x_tim.o(i.TIM_InternalClockConfig), (12 bytes).
    Removing stm32f10x_tim.o(i.TIM_OC1FastConfig), (18 bytes).
    Removing stm32f10x_tim.o(i.TIM_OC1Init), (152 bytes).
    Removing stm32f10x_tim.o(i.TIM_OC1NPolarityConfig), (18 bytes).
    Removing stm32f10x_tim.o(i.TIM_OC1PolarityConfig), (18 bytes).
    Removing stm32f10x_tim.o(i.TIM_OC1PreloadConfig), (18 bytes).
    Removing stm32f10x_tim.o(i.TIM_OC2FastConfig), (26 bytes).
    Removing stm32f10x_tim.o(i.TIM_OC2Init), (164 bytes).
    Removing stm32f10x_tim.o(i.TIM_OC2NPolarityConfig), (26 bytes).
    Removing stm32f10x_tim.o(i.TIM_OC2PolarityConfig), (26 bytes).
    Removing stm32f10x_tim.o(i.TIM_OC2PreloadConfig), (26 bytes).
    Removing stm32f10x_tim.o(i.TIM_OC3FastConfig), (18 bytes).
    Removing stm32f10x_tim.o(i.TIM_OC3Init), (160 bytes).
    Removing stm32f10x_tim.o(i.TIM_OC3NPolarityConfig), (26 bytes).
    Removing stm32f10x_tim.o(i.TIM_OC3PolarityConfig), (26 bytes).
    Removing stm32f10x_tim.o(i.TIM_OC3PreloadConfig), (18 bytes).
    Removing stm32f10x_tim.o(i.TIM_OC4FastConfig), (26 bytes).
    Removing stm32f10x_tim.o(i.TIM_OC4Init), (124 bytes).
    Removing stm32f10x_tim.o(i.TIM_OC4PolarityConfig), (26 bytes).
    Removing stm32f10x_tim.o(i.TIM_OC4PreloadConfig), (26 bytes).
    Removing stm32f10x_tim.o(i.TIM_OCStructInit), (20 bytes).
    Removing stm32f10x_tim.o(i.TIM_PWMIConfig), (124 bytes).
    Removing stm32f10x_tim.o(i.TIM_PrescalerConfig), (6 bytes).
    Removing stm32f10x_tim.o(i.TIM_SelectCCDMA), (24 bytes).
    Removing stm32f10x_tim.o(i.TIM_SelectCOM), (24 bytes).
    Removing stm32f10x_tim.o(i.TIM_SelectHallSensor), (24 bytes).
    Removing stm32f10x_tim.o(i.TIM_SelectInputTrigger), (18 bytes).
    Removing stm32f10x_tim.o(i.TIM_SelectMasterSlaveMode), (18 bytes).
    Removing stm32f10x_tim.o(i.TIM_SelectOCxM), (82 bytes).
    Removing stm32f10x_tim.o(i.TIM_SelectOnePulseMode), (18 bytes).
    Removing stm32f10x_tim.o(i.TIM_SelectOutputTrigger), (18 bytes).
    Removing stm32f10x_tim.o(i.TIM_SelectSlaveMode), (18 bytes).
    Removing stm32f10x_tim.o(i.TIM_SetAutoreload), (4 bytes).
    Removing stm32f10x_tim.o(i.TIM_SetClockDivision), (18 bytes).
    Removing stm32f10x_tim.o(i.TIM_SetCompare1), (4 bytes).
    Removing stm32f10x_tim.o(i.TIM_SetCompare2), (4 bytes).
    Removing stm32f10x_tim.o(i.TIM_SetCompare3), (4 bytes).
    Removing stm32f10x_tim.o(i.TIM_SetCompare4), (6 bytes).
    Removing stm32f10x_tim.o(i.TIM_SetCounter), (4 bytes).
    Removing stm32f10x_tim.o(i.TIM_SetIC1Prescaler), (18 bytes).
    Removing stm32f10x_tim.o(i.TIM_SetIC2Prescaler), (26 bytes).
    Removing stm32f10x_tim.o(i.TIM_SetIC3Prescaler), (18 bytes).
    Removing stm32f10x_tim.o(i.TIM_SetIC4Prescaler), (26 bytes).
    Removing stm32f10x_tim.o(i.TIM_TIxExternalClockConfig), (62 bytes).
    Removing stm32f10x_tim.o(i.TIM_TimeBaseInit), (164 bytes).
    Removing stm32f10x_tim.o(i.TIM_TimeBaseStructInit), (18 bytes).
    Removing stm32f10x_tim.o(i.TIM_UpdateDisableConfig), (24 bytes).
    Removing stm32f10x_tim.o(i.TIM_UpdateRequestConfig), (24 bytes).
    Removing stm32f10x_usart.o(i.USART_ClearITPendingBit), (30 bytes).
    Removing stm32f10x_usart.o(i.USART_ClockInit), (34 bytes).
    Removing stm32f10x_usart.o(i.USART_ClockStructInit), (12 bytes).
    Removing stm32f10x_usart.o(i.USART_DMACmd), (18 bytes).
    Removing stm32f10x_usart.o(i.USART_DeInit), (156 bytes).
    Removing stm32f10x_usart.o(i.USART_GetFlagStatus), (26 bytes).
    Removing stm32f10x_usart.o(i.USART_GetITStatus), (84 bytes).
    Removing stm32f10x_usart.o(i.USART_HalfDuplexCmd), (24 bytes).
    Removing stm32f10x_usart.o(i.USART_IrDACmd), (24 bytes).
    Removing stm32f10x_usart.o(i.USART_IrDAConfig), (18 bytes).
    Removing stm32f10x_usart.o(i.USART_LINBreakDetectLengthConfig), (18 bytes).
    Removing stm32f10x_usart.o(i.USART_LINCmd), (24 bytes).
    Removing stm32f10x_usart.o(i.USART_OneBitMethodCmd), (24 bytes).
    Removing stm32f10x_usart.o(i.USART_OverSampling8Cmd), (22 bytes).
    Removing stm32f10x_usart.o(i.USART_ReceiveData), (10 bytes).
    Removing stm32f10x_usart.o(i.USART_ReceiverWakeUpCmd), (24 bytes).
    Removing stm32f10x_usart.o(i.USART_SendBreak), (10 bytes).
    Removing stm32f10x_usart.o(i.USART_SendData), (8 bytes).
    Removing stm32f10x_usart.o(i.USART_SetAddress), (18 bytes).
    Removing stm32f10x_usart.o(i.USART_SetGuardTime), (16 bytes).
    Removing stm32f10x_usart.o(i.USART_SetPrescaler), (16 bytes).
    Removing stm32f10x_usart.o(i.USART_SmartCardCmd), (24 bytes).
    Removing stm32f10x_usart.o(i.USART_SmartCardNACKCmd), (24 bytes).
    Removing stm32f10x_usart.o(i.USART_StructInit), (24 bytes).
    Removing stm32f10x_usart.o(i.USART_WakeUpConfig), (18 bytes).
    Removing core_cm3.o(.emb_text), (32 bytes).
    Removing system_stm32f10x.o(i.SystemCoreClockUpdate), (164 bytes).
    Removing system_stm32f10x.o(.data), (20 bytes).
    Removing main.o(i.fput), (28 bytes).
    Removing delay.o(i.delay), (10 bytes).
    Removing key.o(i.KEY_Init), (44 bytes).
    Removing led.o(i.LED_Init), (80 bytes).
    Removing exti.o(i.EXTIx_Init), (48 bytes).
    Removing timer.o(i.TIMER_Init), (120 bytes).

179 unused section(s) (total 6828 bytes) removed from the image.

==============================================================================

Image Symbol Table

    Local Symbols

    Symbol Name                              Value     Ov Type        Size  Object(Section)

    ../clib/angel/boardlib.s                 0x00000000   Number         0  boardinit2.o ABSOLUTE
    ../clib/angel/boardlib.s                 0x00000000   Number         0  boardinit3.o ABSOLUTE
    ../clib/angel/boardlib.s                 0x00000000   Number         0  boardinit1.o ABSOLUTE
    ../clib/angel/boardlib.s                 0x00000000   Number         0  boardshut.o ABSOLUTE
    ../clib/angel/handlers.s                 0x00000000   Number         0  __scatter_zi.o ABSOLUTE
    ../clib/angel/handlers.s                 0x00000000   Number         0  __scatter_copy.o ABSOLUTE
    ../clib/angel/kernel.s                   0x00000000   Number         0  __rtentry2.o ABSOLUTE
    ../clib/angel/kernel.s                   0x00000000   Number         0  __rtentry4.o ABSOLUTE
    ../clib/angel/kernel.s                   0x00000000   Number         0  rtexit2.o ABSOLUTE
    ../clib/angel/kernel.s                   0x00000000   Number         0  rtexit.o ABSOLUTE
    ../clib/angel/kernel.s                   0x00000000   Number         0  __rtentry.o ABSOLUTE
    ../clib/angel/rt.s                       0x00000000   Number         0  rt_errno_addr.o ABSOLUTE
    ../clib/angel/rt.s                       0x00000000   Number         0  rt_errno_addr_intlibspace.o ABSOLUTE
    ../clib/angel/rt.s                       0x00000000   Number         0  rt_heap_descriptor_intlibspace.o ABSOLUTE
    ../clib/angel/rt.s                       0x00000000   Number         0  rt_heap_descriptor.o ABSOLUTE
    ../clib/angel/rt.s                       0x00000000   Number         0  rt_raise.o ABSOLUTE
    ../clib/angel/scatter.s                  0x00000000   Number         0  __scatter.o ABSOLUTE
    ../clib/angel/startup.s                  0x00000000   Number         0  __main.o ABSOLUTE
    ../clib/angel/sys.s                      0x00000000   Number         0  indicate_semi.o ABSOLUTE
    ../clib/angel/sys.s                      0x00000000   Number         0  use_no_semi.o ABSOLUTE
    ../clib/angel/sys.s                      0x00000000   Number         0  libspace.o ABSOLUTE
    ../clib/angel/sys.s                      0x00000000   Number         0  sys_stackheap_outer.o ABSOLUTE
    ../clib/angel/sys.s                      0x00000000   Number         0  mutex_dummy.o ABSOLUTE
    ../clib/angel/sysapp.c                   0x00000000   Number         0  sys_exit.o ABSOLUTE
    ../clib/angel/sysapp.c                   0x00000000   Number         0  sys_io.o ABSOLUTE
    ../clib/angel/sysapp.c                   0x00000000   Number         0  sys_wrch.o ABSOLUTE
    ../clib/angel/sysapp.c                   0x00000000   Number         0  sys_command.o ABSOLUTE
    ../clib/armsys.c                         0x00000000   Number         0  argv_veneer.o ABSOLUTE
    ../clib/armsys.c                         0x00000000   Number         0  _get_argv.o ABSOLUTE
    ../clib/armsys.c                         0x00000000   Number         0  _get_argv_nomalloc.o ABSOLUTE
    ../clib/armsys.c                         0x00000000   Number         0  no_argv.o ABSOLUTE
    ../clib/armsys.c                         0x00000000   Number         0  argv_veneer.o ABSOLUTE
    ../clib/assert.c                         0x00000000   Number         0  assert_stdio.o ABSOLUTE
    ../clib/heap1.c                          0x00000000   Number         0  h1_alloc_mt.o ABSOLUTE
    ../clib/heap1.c                          0x00000000   Number         0  h1_alloc.o ABSOLUTE
    ../clib/heap1.c                          0x00000000   Number         0  h1_free.o ABSOLUTE
    ../clib/heap1.c                          0x00000000   Number         0  h1_final_mt.o ABSOLUTE
    ../clib/heap1.c                          0x00000000   Number         0  h1_final.o ABSOLUTE
    ../clib/heap1.c                          0x00000000   Number         0  h1_free_mt.o ABSOLUTE
    ../clib/heap1.c                          0x00000000   Number         0  h1_extend_mt.o ABSOLUTE
    ../clib/heap1.c                          0x00000000   Number         0  h1_extend.o ABSOLUTE
    ../clib/heap1.c                          0x00000000   Number         0  h1_init.o ABSOLUTE
    ../clib/heap1.c                          0x00000000   Number         0  h1_init_mt.o ABSOLUTE
    ../clib/heap2.c                          0x00000000   Number         0  heap2.o ABSOLUTE
    ../clib/heap2.c                          0x00000000   Number         0  heap2mt.o ABSOLUTE
    ../clib/heap2.c                          0x00000000   Number         0  fdtree.o ABSOLUTE
    ../clib/heapalloc.c                      0x00000000   Number         0  maybetermalloc1.o ABSOLUTE
    ../clib/heapalloc.c                      0x00000000   Number         0  maybetermalloc2.o ABSOLUTE
    ../clib/heapalloc.c                      0x00000000   Number         0  maybetermalloc2.o ABSOLUTE
    ../clib/heapalloc.c                      0x00000000   Number         0  term_alloc.o ABSOLUTE
    ../clib/heapalloc.c                      0x00000000   Number         0  hrguard.o ABSOLUTE
    ../clib/heapalloc.c                      0x00000000   Number         0  heapstubs.o ABSOLUTE
    ../clib/heapalloc.c                      0x00000000   Number         0  init_alloc.o ABSOLUTE
    ../clib/heapalloc.c                      0x00000000   Number         0  hguard.o ABSOLUTE
    ../clib/heapalloc.c                      0x00000000   Number         0  malloc.o ABSOLUTE
    ../clib/heapalloc.c                      0x00000000   Number         0  maybetermalloc1.o ABSOLUTE
    ../clib/heapalloc.c                      0x00000000   Number         0  free.o ABSOLUTE
    ../clib/heapaux.c                        0x00000000   Number         0  heapauxi.o ABSOLUTE
    ../clib/heapaux.c                        0x00000000   Number         0  heapauxa.o ABSOLUTE
    ../clib/libinit.s                        0x00000000   Number         0  libinit2.o ABSOLUTE
    ../clib/libinit.s                        0x00000000   Number         0  libinit.o ABSOLUTE
    ../clib/libinit.s                        0x00000000   Number         0  libshutdown2.o ABSOLUTE
    ../clib/libinit.s                        0x00000000   Number         0  libshutdown.o ABSOLUTE
    ../clib/memcpset.s                       0x00000000   Number         0  rt_memclr_w.o ABSOLUTE
    ../clib/memcpset.s                       0x00000000   Number         0  rt_memcpy_v6.o ABSOLUTE
    ../clib/memcpset.s                       0x00000000   Number         0  rt_memcpy_w.o ABSOLUTE
    ../clib/printf.c                         0x00000000   Number         0  __printf_ss_wp.o ABSOLUTE
    ../clib/printf.c                         0x00000000   Number         0  __printf_nopercent.o ABSOLUTE
    ../clib/printf.c                         0x00000000   Number         0  __printf_flags_ss_wp.o ABSOLUTE
    ../clib/printf.c                         0x00000000   Number         0  _printf_char_common.o ABSOLUTE
    ../clib/printf.c                         0x00000000   Number         0  noretval__2printf.o ABSOLUTE
    ../clib/printf.c                         0x00000000   Number         0  __printf.o ABSOLUTE
    ../clib/printf.c                         0x00000000   Number         0  _printf_intcommon.o ABSOLUTE
    ../clib/printf.c                         0x00000000   Number         0  __printf_flags.o ABSOLUTE
    ../clib/printf.c                         0x00000000   Number         0  _printf_char_file_locked.o ABSOLUTE
    ../clib/printf.c                         0x00000000   Number         0  _printf_char_file.o ABSOLUTE
    ../clib/printf.c                         0x00000000   Number         0  __2printf.o ABSOLUTE
    ../clib/printf.c                         0x00000000   Number         0  _printf_dec.o ABSOLUTE
    ../clib/printf.c                         0x00000000   Number         0  __printf_ss.o ABSOLUTE
    ../clib/printf.c                         0x00000000   Number         0  __printf_flags_ss.o ABSOLUTE
    ../clib/printf.c                         0x00000000   Number         0  __printf_wp.o ABSOLUTE
    ../clib/printf.c                         0x00000000   Number         0  __printf_flags_wp.o ABSOLUTE
    ../clib/printf_percent.s                 0x00000000   Number         0  _printf_d.o ABSOLUTE
    ../clib/printf_percent.s                 0x00000000   Number         0  _printf_percent_end.o ABSOLUTE
    ../clib/printf_percent.s                 0x00000000   Number         0  _printf_percent.o ABSOLUTE
    ../clib/signal.c                         0x00000000   Number         0  defsig_rtred_outer.o ABSOLUTE
    ../clib/signal.c                         0x00000000   Number         0  defsig_other.o ABSOLUTE
    ../clib/signal.c                         0x00000000   Number         0  defsig_segv_inner.o ABSOLUTE
    ../clib/signal.c                         0x00000000   Number         0  defsig_cppl_inner.o ABSOLUTE
    ../clib/signal.c                         0x00000000   Number         0  defsig_pvfn_inner.o ABSOLUTE
    ../clib/signal.c                         0x00000000   Number         0  defsig_stak_inner.o ABSOLUTE
    ../clib/signal.c                         0x00000000   Number         0  defsig_fpe_inner.o ABSOLUTE
    ../clib/signal.c                         0x00000000   Number         0  defsig_abrt_inner.o ABSOLUTE
    ../clib/signal.c                         0x00000000   Number         0  defsig_rtmem_inner.o ABSOLUTE
    ../clib/signal.c                         0x00000000   Number         0  defsig_rtmem_formal.o ABSOLUTE
    ../clib/signal.c                         0x00000000   Number         0  defsig_rtmem_outer.o ABSOLUTE
    ../clib/signal.c                         0x00000000   Number         0  __raise.o ABSOLUTE
    ../clib/signal.c                         0x00000000   Number         0  defsig_general.o ABSOLUTE
    ../clib/signal.c                         0x00000000   Number         0  defsig_exit.o ABSOLUTE
    ../clib/signal.c                         0x00000000   Number         0  defsig_rtred_inner.o ABSOLUTE
    ../clib/signal.c                         0x00000000   Number         0  defsig_rtred_formal.o ABSOLUTE
    ../clib/signal.s                         0x00000000   Number         0  defsig.o ABSOLUTE
    ../clib/stdio.c                          0x00000000   Number         0  fflush_locked.o ABSOLUTE
    ../clib/stdio.c                          0x00000000   Number         0  fwritefast.o ABSOLUTE
    ../clib/stdio.c                          0x00000000   Number         0  stdio_streams.o ABSOLUTE
    ../clib/stdio.c                          0x00000000   Number         0  stdio.o ABSOLUTE
    ../clib/stdio.c                          0x00000000   Number         0  fwritefast_locked.o ABSOLUTE
    ../clib/stdio.c                          0x00000000   Number         0  fputs_locked.o ABSOLUTE
    ../clib/stdio.c                          0x00000000   Number         0  fputc_locked.o ABSOLUTE
    ../clib/stdio.c                          0x00000000   Number         0  fflush.o ABSOLUTE
    ../clib/stdio.c                          0x00000000   Number         0  fputs.o ABSOLUTE
    ../clib/stdio.c                          0x00000000   Number         0  ftell.o ABSOLUTE
    ../clib/stdio.c                          0x00000000   Number         0  initio_locked.o ABSOLUTE
    ../clib/stdio.c                          0x00000000   Number         0  flsbuf.o ABSOLUTE
    ../clib/stdio.c                          0x00000000   Number         0  ferror_locked.o ABSOLUTE
    ../clib/stdio.c                          0x00000000   Number         0  fseek.o ABSOLUTE
    ../clib/stdio.c                          0x00000000   Number         0  fclose.o ABSOLUTE
    ../clib/stdio.c                          0x00000000   Number         0  setvbuf_locked.o ABSOLUTE
    ../clib/stdio.c                          0x00000000   Number         0  setvbuf.o ABSOLUTE
    ../clib/stdio.c                          0x00000000   Number         0  streamlock.o ABSOLUTE
    ../clib/stdio.c                          0x00000000   Number         0  fopen.o ABSOLUTE
    ../clib/stdio.c                          0x00000000   Number         0  ferror.o ABSOLUTE
    ../clib/stdio.c                          0x00000000   Number         0  fopen_locked.o ABSOLUTE
    ../clib/stdio.c                          0x00000000   Number         0  fputc.o ABSOLUTE
    ../clib/stdio.c                          0x00000000   Number         0  initio.o ABSOLUTE
    ../clib/stdlib.c                         0x00000000   Number         0  exit.o ABSOLUTE
    ../clib/string.c                         0x00000000   Number         0  strlen.o ABSOLUTE
    ../clib/wchar.c                          0x00000000   Number         0  flsbuf_fwide.o ABSOLUTE
    ../fplib/fpinit.s                        0x00000000   Number         0  fpinit.o ABSOLUTE
    ..\..\Timer串口 - 副本\Timer串口 - 副本\Library\src\stm32f10x_usart.c 0x00000000   Number         0  stm32f10x_usart.o ABSOLUTE
    ASM\startup_stm32f10x_hd.s               0x00000000   Number         0  startup_stm32f10x_hd.o ABSOLUTE
    Library\src\misc.c                       0x00000000   Number         0  misc.o ABSOLUTE
    Library\src\stm32f10x_exti.c             0x00000000   Number         0  stm32f10x_exti.o ABSOLUTE
    Library\src\stm32f10x_gpio.c             0x00000000   Number         0  stm32f10x_gpio.o ABSOLUTE
    Library\src\stm32f10x_rcc.c              0x00000000   Number         0  stm32f10x_rcc.o ABSOLUTE
    Library\src\stm32f10x_tim.c              0x00000000   Number         0  stm32f10x_tim.o ABSOLUTE
    STM32f10x_it\stm32f10x_it.c              0x00000000   Number         0  stm32f10x_it.o ABSOLUTE
    System\\core_cm3.c                       0x00000000   Number         0  core_cm3.o ABSOLUTE
    System\core_cm3.c                        0x00000000   Number         0  core_cm3.o ABSOLUTE
    System\system_stm32f10x.c                0x00000000   Number         0  system_stm32f10x.o ABSOLUTE
    User\delay.c                             0x00000000   Number         0  delay.o ABSOLUTE
    User\dht11.c                             0x00000000   Number         0  dht11.o ABSOLUTE
    User\exti.c                              0x00000000   Number         0  exti.o ABSOLUTE
    User\key.c                               0x00000000   Number         0  key.o ABSOLUTE
    User\led.c                               0x00000000   Number         0  led.o ABSOLUTE
    User\timer.c                             0x00000000   Number         0  timer.o ABSOLUTE
    User\usart.c                             0x00000000   Number         0  usart.o ABSOLUTE
    dc.s                                     0x00000000   Number         0  dc.o ABSOLUTE
    main.c                                   0x00000000   Number         0  main.o ABSOLUTE
    RESET                                    0x08000000   Section      304  startup_stm32f10x_hd.o(RESET)
    !!!main                                  0x08000130   Section        8  __main.o(!!!main)
    !!!scatter                               0x08000138   Section       52  __scatter.o(!!!scatter)
    !!handler_copy                           0x0800016c   Section       26  __scatter_copy.o(!!handler_copy)
    !!handler_zi                             0x08000188   Section       28  __scatter_zi.o(!!handler_zi)
    .ARM.Collect$$_printf_percent$$00000000  0x080001a4   Section        0  _printf_percent.o(.ARM.Collect$$_printf_percent$$00000000)
    .ARM.Collect$$_printf_percent$$00000009  0x080001a4   Section        6  _printf_d.o(.ARM.Collect$$_printf_percent$$00000009)
    .ARM.Collect$$_printf_percent$$00000017  0x080001aa   Section        4  _printf_percent_end.o(.ARM.Collect$$_printf_percent$$00000017)
    .ARM.Collect$$libinit$$00000000          0x080001ae   Section        2  libinit.o(.ARM.Collect$$libinit$$00000000)
    .ARM.Collect$$libinit$$00000002          0x080001b0   Section        0  libinit2.o(.ARM.Collect$$libinit$$00000002)
    .ARM.Collect$$libinit$$00000004          0x080001b0   Section        0  libinit2.o(.ARM.Collect$$libinit$$00000004)
    .ARM.Collect$$libinit$$00000005          0x080001b0   Section        8  libinit2.o(.ARM.Collect$$libinit$$00000005)
    .ARM.Collect$$libinit$$0000000A          0x080001b8   Section        0  libinit2.o(.ARM.Collect$$libinit$$0000000A)
    .ARM.Collect$$libinit$$0000000C          0x080001b8   Section        0  libinit2.o(.ARM.Collect$$libinit$$0000000C)
    .ARM.Collect$$libinit$$0000000E          0x080001b8   Section        0  libinit2.o(.ARM.Collect$$libinit$$0000000E)
    .ARM.Collect$$libinit$$00000011          0x080001b8   Section        0  libinit2.o(.ARM.Collect$$libinit$$00000011)
    .ARM.Collect$$libinit$$00000013          0x080001b8   Section        0  libinit2.o(.ARM.Collect$$libinit$$00000013)
    .ARM.Collect$$libinit$$00000015          0x080001b8   Section        0  libinit2.o(.ARM.Collect$$libinit$$00000015)
    .ARM.Collect$$libinit$$00000017          0x080001b8   Section        0  libinit2.o(.ARM.Collect$$libinit$$00000017)
    .ARM.Collect$$libinit$$00000019          0x080001b8   Section        0  libinit2.o(.ARM.Collect$$libinit$$00000019)
    .ARM.Collect$$libinit$$0000001B          0x080001b8   Section        0  libinit2.o(.ARM.Collect$$libinit$$0000001B)
    .ARM.Collect$$libinit$$0000001D          0x080001b8   Section        0  libinit2.o(.ARM.Collect$$libinit$$0000001D)
    .ARM.Collect$$libinit$$0000001F          0x080001b8   Section        0  libinit2.o(.ARM.Collect$$libinit$$0000001F)
    .ARM.Collect$$libinit$$00000021          0x080001b8   Section        0  libinit2.o(.ARM.Collect$$libinit$$00000021)
    .ARM.Collect$$libinit$$00000023          0x080001b8   Section        0  libinit2.o(.ARM.Collect$$libinit$$00000023)
    .ARM.Collect$$libinit$$00000024          0x080001b8   Section        4  libinit2.o(.ARM.Collect$$libinit$$00000024)
    .ARM.Collect$$libinit$$00000025          0x080001bc   Section        0  libinit2.o(.ARM.Collect$$libinit$$00000025)
    .ARM.Collect$$libinit$$0000002C          0x080001bc   Section        0  libinit2.o(.ARM.Collect$$libinit$$0000002C)
    .ARM.Collect$$libinit$$0000002E          0x080001bc   Section        0  libinit2.o(.ARM.Collect$$libinit$$0000002E)
    .ARM.Collect$$libinit$$00000030          0x080001bc   Section        0  libinit2.o(.ARM.Collect$$libinit$$00000030)
    .ARM.Collect$$libinit$$00000032          0x080001bc   Section        0  libinit2.o(.ARM.Collect$$libinit$$00000032)
    .ARM.Collect$$libinit$$00000033          0x080001bc   Section        2  libinit2.o(.ARM.Collect$$libinit$$00000033)
    .ARM.Collect$$libshutdown$$00000000      0x080001be   Section        2  libshutdown.o(.ARM.Collect$$libshutdown$$00000000)
    .ARM.Collect$$libshutdown$$00000002      0x080001c0   Section        4  libshutdown2.o(.ARM.Collect$$libshutdown$$00000002)
    .ARM.Collect$$libshutdown$$00000003      0x080001c4   Section        0  libshutdown2.o(.ARM.Collect$$libshutdown$$00000003)
    .ARM.Collect$$libshutdown$$00000006      0x080001c4   Section        0  libshutdown2.o(.ARM.Collect$$libshutdown$$00000006)
    .ARM.Collect$$libshutdown$$00000009      0x080001c4   Section        0  libshutdown2.o(.ARM.Collect$$libshutdown$$00000009)
    .ARM.Collect$$libshutdown$$0000000B      0x080001c4   Section        0  libshutdown2.o(.ARM.Collect$$libshutdown$$0000000B)
    .ARM.Collect$$libshutdown$$0000000E      0x080001c4   Section        0  libshutdown2.o(.ARM.Collect$$libshutdown$$0000000E)
    .ARM.Collect$$libshutdown$$0000000F      0x080001c4   Section        2  libshutdown2.o(.ARM.Collect$$libshutdown$$0000000F)
    .ARM.Collect$$rtentry$$00000000          0x080001c6   Section        0  __rtentry.o(.ARM.Collect$$rtentry$$00000000)
    .ARM.Collect$$rtentry$$00000002          0x080001c6   Section        0  __rtentry2.o(.ARM.Collect$$rtentry$$00000002)
    .ARM.Collect$$rtentry$$00000004          0x080001c6   Section        6  __rtentry4.o(.ARM.Collect$$rtentry$$00000004)
    .ARM.Collect$$rtentry$$00000009          0x080001cc   Section        0  __rtentry2.o(.ARM.Collect$$rtentry$$00000009)
    .ARM.Collect$$rtentry$$0000000A          0x080001cc   Section        4  __rtentry2.o(.ARM.Collect$$rtentry$$0000000A)
    .ARM.Collect$$rtentry$$0000000C          0x080001d0   Section        0  __rtentry2.o(.ARM.Collect$$rtentry$$0000000C)
    .ARM.Collect$$rtentry$$0000000D          0x080001d0   Section        8  __rtentry2.o(.ARM.Collect$$rtentry$$0000000D)
    .ARM.Collect$$rtexit$$00000000           0x080001d8   Section        2  rtexit.o(.ARM.Collect$$rtexit$$00000000)
    .ARM.Collect$$rtexit$$00000002           0x080001da   Section        0  rtexit2.o(.ARM.Collect$$rtexit$$00000002)
    .ARM.Collect$$rtexit$$00000003           0x080001da   Section        4  rtexit2.o(.ARM.Collect$$rtexit$$00000003)
    .ARM.Collect$$rtexit$$00000004           0x080001de   Section        6  rtexit2.o(.ARM.Collect$$rtexit$$00000004)
    .emb_text                                0x080001e4   Section        0  maybetermalloc1.o(.emb_text)
    .text                                    0x080001e4   Section       64  startup_stm32f10x_hd.o(.text)
    .text                                    0x08000224   Section        0  noretval__2printf.o(.text)
    .text                                    0x0800023c   Section        0  __printf.o(.text)
    .text                                    0x080002a4   Section        0  _printf_dec.o(.text)
    .text                                    0x0800031c   Section        0  heapauxi.o(.text)
    .text                                    0x08000322   Section        0  _printf_intcommon.o(.text)
    .text                                    0x080003d4   Section        0  _printf_char_file.o(.text)
    .text                                    0x080003f8   Section        0  _printf_char_common.o(.text)
    _printf_input_char                       0x080003f9   Thumb Code    10  _printf_char_common.o(.text)
    .text                                    0x08000428   Section        0  ferror.o(.text)
    .text                                    0x08000430   Section        0  initio.o(.text)
    .text                                    0x08000568   Section        0  sys_io.o(.text)
    .text                                    0x080005ce   Section       74  sys_stackheap_outer.o(.text)
    .text                                    0x08000618   Section        0  h1_free.o(.text)
    .text                                    0x08000666   Section        0  flsbuf.o(.text)
    .text                                    0x0800083c   Section        0  setvbuf.o(.text)
    .text                                    0x08000884   Section        0  fopen.o(.text)
    _freopen_locked                          0x08000885   Thumb Code     0  fopen.o(.text)
    .text                                    0x08000970   Section        0  fclose.o(.text)
    .text                                    0x080009bc   Section        0  exit.o(.text)
    .text                                    0x080009c8   Section        0  defsig_rtred_outer.o(.text)
    .text                                    0x080009d6   Section       78  rt_memclr_w.o(.text)
    .text                                    0x08000a24   Section        8  libspace.o(.text)
    .text                                    0x08000a2c   Section        2  use_no_semi.o(.text)
    .text                                    0x08000a2e   Section        0  indicate_semi.o(.text)
    .text                                    0x08000a30   Section        8  rt_heap_descriptor_intlibspace.o(.text)
    .text                                    0x08000a38   Section        0  hguard.o(.text)
    .text                                    0x08000a3c   Section        0  init_alloc.o(.text)
    .text                                    0x08000ac6   Section        0  h1_alloc.o(.text)
    .text                                    0x08000b24   Section        0  fseek.o(.text)
    .text                                    0x08000c1c   Section        0  stdio.o(.text)
    .text                                    0x08000d0c   Section        0  defsig_exit.o(.text)
    .text                                    0x08000d18   Section        0  defsig_rtred_inner.o(.text)
    .text                                    0x08000d4c   Section        0  strlen.o(.text)
    .text                                    0x08000d8c   Section        0  sys_exit.o(.text)
    .text                                    0x08000d98   Section        0  h1_init.o(.text)
    .text                                    0x08000da6   Section        0  h1_extend.o(.text)
    .text                                    0x08000dda   Section        0  ftell.o(.text)
    .text                                    0x08000e1c   Section        0  defsig_general.o(.text)
    .text                                    0x08000e4e   Section        0  defsig_rtmem_outer.o(.text)
    .text                                    0x08000e5c   Section        0  sys_wrch.o(.text)
    .text                                    0x08000e6c   Section        8  rt_errno_addr_intlibspace.o(.text)
    .text                                    0x08000e74   Section        0  defsig_rtmem_inner.o(.text)
    i.BusFault_Handler                       0x08000ec4   Section        0  stm32f10x_it.o(i.BusFault_Handler)
    i.DHT11_Check                            0x08000ec8   Section        0  dht11.o(i.DHT11_Check)
    i.DHT11_I                                0x08000f24   Section        0  dht11.o(i.DHT11_I)
    i.DHT11_O                                0x08000f40   Section        0  dht11.o(i.DHT11_O)
    i.DHT11_RST                              0x08000f64   Section        0  dht11.o(i.DHT11_RST)
    i.DHT11_Read_Bit                         0x08000f8c   Section        0  dht11.o(i.DHT11_Read_Bit)
    i.DHT11_Read_Byte                        0x08000fc8   Section        0  dht11.o(i.DHT11_Read_Byte)
    i.DHT11_Read_Data                        0x08000fe8   Section        0  dht11.o(i.DHT11_Read_Data)
    i.DHT11_Test                             0x08001044   Section        0  dht11.o(i.DHT11_Test)
    i.DebugMon_Handler                       0x080010d4   Section        0  stm32f10x_it.o(i.DebugMon_Handler)
    i.GPIO_Init                              0x080010d6   Section        0  stm32f10x_gpio.o(i.GPIO_Init)
    i.GPIO_ReadInputDataBit                  0x080011ec   Section        0  stm32f10x_gpio.o(i.GPIO_ReadInputDataBit)
    i.GPIO_ResetBits                         0x080011fe   Section        0  stm32f10x_gpio.o(i.GPIO_ResetBits)
    i.GPIO_SetBits                           0x08001202   Section        0  stm32f10x_gpio.o(i.GPIO_SetBits)
    i.HardFault_Handler                      0x08001206   Section        0  stm32f10x_it.o(i.HardFault_Handler)
    i.MemManage_Handler                      0x0800120a   Section        0  stm32f10x_it.o(i.MemManage_Handler)
    i.NMI_Handler                            0x0800120e   Section        0  stm32f10x_it.o(i.NMI_Handler)
    i.NVIC_Init                              0x08001210   Section        0  misc.o(i.NVIC_Init)
    i.NVIC_PriorityGroupConfig               0x08001280   Section        0  misc.o(i.NVIC_PriorityGroupConfig)
    i.NVICx_Init                             0x08001294   Section        0  usart.o(i.NVICx_Init)
    i.PendSV_Handler                         0x080012be   Section        0  stm32f10x_it.o(i.PendSV_Handler)
    i.RCC_APB2PeriphClockCmd                 0x080012c0   Section        0  stm32f10x_rcc.o(i.RCC_APB2PeriphClockCmd)
    i.RCC_GetClocksFreq                      0x080012e0   Section        0  stm32f10x_rcc.o(i.RCC_GetClocksFreq)
    i.SVC_Handler                            0x080013b4   Section        0  stm32f10x_it.o(i.SVC_Handler)
    i.SetSysClock                            0x080013b6   Section        0  system_stm32f10x.o(i.SetSysClock)
    SetSysClock                              0x080013b7   Thumb Code     8  system_stm32f10x.o(i.SetSysClock)
    i.SetSysClockTo72                        0x080013c0   Section        0  system_stm32f10x.o(i.SetSysClockTo72)
    SetSysClockTo72                          0x080013c1   Thumb Code   214  system_stm32f10x.o(i.SetSysClockTo72)
    i.SysTick_Handler                        0x080014a0   Section        0  stm32f10x_it.o(i.SysTick_Handler)
    i.SystemInit                             0x080014a4   Section        0  system_stm32f10x.o(i.SystemInit)
    i.TIM3_IRQHandler                        0x08001504   Section        0  stm32f10x_it.o(i.TIM3_IRQHandler)
    i.TIM_ClearITPendingBit                  0x0800153c   Section        0  stm32f10x_tim.o(i.TIM_ClearITPendingBit)
    i.USART_ClearFlag                        0x08001542   Section        0  stm32f10x_usart.o(i.USART_ClearFlag)
    i.USART_Cmd                              0x08001554   Section        0  stm32f10x_usart.o(i.USART_Cmd)
    i.USART_Config                           0x0800156c   Section        0  usart.o(i.USART_Config)
    i.USART_Configuration                    0x08001610   Section        0  usart.o(i.USART_Configuration)
    i.USART_ITConfig                         0x0800165c   Section        0  stm32f10x_usart.o(i.USART_ITConfig)
    i.USART_Init                             0x080016a8   Section        0  stm32f10x_usart.o(i.USART_Init)
    i.USART_user                             0x08001780   Section        0  usart.o(i.USART_user)
    i.UsageFault_Handler                     0x08001790   Section        0  stm32f10x_it.o(i.UsageFault_Handler)
    i.delay_ms                               0x08001794   Section        0  delay.o(i.delay_ms)
    i.delay_us                               0x080017d4   Section        0  delay.o(i.delay_us)
    i.fputc                                  0x08001812   Section        0  fputc.o(i.fputc)
    i.main                                   0x0800182c   Section        0  main.o(i.main)
    .constdata                               0x08001848   Section        4  sys_io.o(.constdata)
    .constdata                               0x0800184c   Section        4  sys_io.o(.constdata)
    .constdata                               0x08001850   Section        4  sys_io.o(.constdata)
    .data                                    0x20000000   Section       20  stm32f10x_rcc.o(.data)
    APBAHBPrescTable                         0x20000000   Data          16  stm32f10x_rcc.o(.data)
    ADCPrescTable                            0x20000010   Data           4  stm32f10x_rcc.o(.data)
    .data                                    0x20000014   Section        4  stdio_streams.o(.data)
    .data                                    0x20000018   Section        4  stdio_streams.o(.data)
    .data                                    0x2000001c   Section        4  stdio_streams.o(.data)
    .bss                                     0x20000020   Section       84  stdio_streams.o(.bss)
    .bss                                     0x20000074   Section       84  stdio_streams.o(.bss)
    .bss                                     0x200000c8   Section       84  stdio_streams.o(.bss)
    .bss                                     0x2000011c   Section       96  libspace.o(.bss)
    HEAP                                     0x20000180   Section      512  startup_stm32f10x_hd.o(HEAP)
    Heap_Mem                                 0x20000180   Data         512  startup_stm32f10x_hd.o(HEAP)
    STACK                                    0x20000380   Section     1024  startup_stm32f10x_hd.o(STACK)
    Stack_Mem                                0x20000380   Data        1024  startup_stm32f10x_hd.o(STACK)
    __initial_sp                             0x20000780   Data           0  startup_stm32f10x_hd.o(STACK)

    Global Symbols

    Symbol Name                              Value     Ov Type        Size  Object(Section)

    BuildAttributes$$THM_ISAv4$P$D$K$B$S$PE$A:L22UL41UL21$X:L11$S22US41US21$IEEE1$IW$USESV6$~STKCKD$USESV7$~SHL$OTIME$ROPI$EBA8$UX$STANDARDLIB$REQ8$PRES8$EABIv2 0x00000000   Number         0  anon$$obj.o ABSOLUTE
    __ARM_use_no_argv                        0x00000000   Number         0  main.o ABSOLUTE
    __ARM_exceptions_init                     - Undefined Weak Reference
    __alloca_initialize                       - Undefined Weak Reference
    __arm_preinit_                            - Undefined Weak Reference
    __cpp_initialize__aeabi_                  - Undefined Weak Reference
    __cxa_finalize                            - Undefined Weak Reference
    __rt_locale                               - Undefined Weak Reference
    __sigvec_lookup                           - Undefined Weak Reference
    __user_heap_extent                        - Undefined Weak Reference
    _atexit_init                              - Undefined Weak Reference
    _call_atexit_fns                          - Undefined Weak Reference
    _clock_init                               - Undefined Weak Reference
    _fp_trap_init                             - Undefined Weak Reference
    _fp_trap_shutdown                         - Undefined Weak Reference
    _get_lc_collate                           - Undefined Weak Reference
    _get_lc_ctype                             - Undefined Weak Reference
    _get_lc_monetary                          - Undefined Weak Reference
    _get_lc_numeric                           - Undefined Weak Reference
    _get_lc_time                              - Undefined Weak Reference
    _getenv_init                              - Undefined Weak Reference
    _handle_redirection                       - Undefined Weak Reference
    _mutex_acquire                            - Undefined Weak Reference
    _mutex_free                               - Undefined Weak Reference
    _mutex_release                            - Undefined Weak Reference
    _printf_post_padding                      - Undefined Weak Reference
    _printf_pre_padding                       - Undefined Weak Reference
    _printf_truncate_signed                   - Undefined Weak Reference
    _printf_truncate_unsigned                 - Undefined Weak Reference
    _rand_init                                - Undefined Weak Reference
    _signal_finish                            - Undefined Weak Reference
    _signal_init                              - Undefined Weak Reference
    __Vectors_Size                           0x00000130   Number         0  startup_stm32f10x_hd.o ABSOLUTE
    __Vectors                                0x08000000   Data           4  startup_stm32f10x_hd.o(RESET)
    __Vectors_End                            0x08000130   Data           0  startup_stm32f10x_hd.o(RESET)
    __main                                   0x08000131   Thumb Code     8  __main.o(!!!main)
    __scatterload                            0x08000139   Thumb Code     0  __scatter.o(!!!scatter)
    __scatterload_rt2                        0x08000139   Thumb Code    44  __scatter.o(!!!scatter)
    __scatterload_rt2_thumb_only             0x08000139   Thumb Code     0  __scatter.o(!!!scatter)
    __scatterload_null                       0x08000147   Thumb Code     0  __scatter.o(!!!scatter)
    __scatterload_copy                       0x0800016d   Thumb Code    26  __scatter_copy.o(!!handler_copy)
    __scatterload_zeroinit                   0x08000189   Thumb Code    28  __scatter_zi.o(!!handler_zi)
    _printf_d                                0x080001a5   Thumb Code     0  _printf_d.o(.ARM.Collect$$_printf_percent$$00000009)
    _printf_percent                          0x080001a5   Thumb Code     0  _printf_percent.o(.ARM.Collect$$_printf_percent$$00000000)
    _printf_percent_end                      0x080001ab   Thumb Code     0  _printf_percent_end.o(.ARM.Collect$$_printf_percent$$00000017)
    __rt_lib_init                            0x080001af   Thumb Code     0  libinit.o(.ARM.Collect$$libinit$$00000000)
    __rt_lib_init_fp_1                       0x080001b1   Thumb Code     0  libinit2.o(.ARM.Collect$$libinit$$00000002)
    __rt_lib_init_heap_2                     0x080001b1   Thumb Code     0  libinit2.o(.ARM.Collect$$libinit$$00000005)
    __rt_lib_init_preinit_1                  0x080001b1   Thumb Code     0  libinit2.o(.ARM.Collect$$libinit$$00000004)
    __rt_lib_init_atexit_1                   0x080001b9   Thumb Code     0  libinit2.o(.ARM.Collect$$libinit$$0000001B)
    __rt_lib_init_clock_1                    0x080001b9   Thumb Code     0  libinit2.o(.ARM.Collect$$libinit$$00000021)
    __rt_lib_init_fp_trap_1                  0x080001b9   Thumb Code     0  libinit2.o(.ARM.Collect$$libinit$$0000001F)
    __rt_lib_init_getenv_1                   0x080001b9   Thumb Code     0  libinit2.o(.ARM.Collect$$libinit$$00000023)
    __rt_lib_init_heap_1                     0x080001b9   Thumb Code     0  libinit2.o(.ARM.Collect$$libinit$$0000000A)
    __rt_lib_init_lc_collate_1               0x080001b9   Thumb Code     0  libinit2.o(.ARM.Collect$$libinit$$00000011)
    __rt_lib_init_lc_ctype_1                 0x080001b9   Thumb Code     0  libinit2.o(.ARM.Collect$$libinit$$00000013)
    __rt_lib_init_lc_monetary_1              0x080001b9   Thumb Code     0  libinit2.o(.ARM.Collect$$libinit$$00000015)
    __rt_lib_init_lc_numeric_1               0x080001b9   Thumb Code     0  libinit2.o(.ARM.Collect$$libinit$$00000017)
    __rt_lib_init_lc_time_1                  0x080001b9   Thumb Code     0  libinit2.o(.ARM.Collect$$libinit$$00000019)
    __rt_lib_init_rand_1                     0x080001b9   Thumb Code     0  libinit2.o(.ARM.Collect$$libinit$$0000000E)
    __rt_lib_init_signal_1                   0x080001b9   Thumb Code     0  libinit2.o(.ARM.Collect$$libinit$$0000001D)
    __rt_lib_init_stdio_2                    0x080001b9   Thumb Code     0  libinit2.o(.ARM.Collect$$libinit$$00000024)
    __rt_lib_init_user_alloc_1               0x080001b9   Thumb Code     0  libinit2.o(.ARM.Collect$$libinit$$0000000C)
    __rt_lib_init_alloca_1                   0x080001bd   Thumb Code     0  libinit2.o(.ARM.Collect$$libinit$$0000002E)
    __rt_lib_init_argv_1                     0x080001bd   Thumb Code     0  libinit2.o(.ARM.Collect$$libinit$$0000002C)
    __rt_lib_init_cpp_1                      0x080001bd   Thumb Code     0  libinit2.o(.ARM.Collect$$libinit$$00000032)
    __rt_lib_init_exceptions_1               0x080001bd   Thumb Code     0  libinit2.o(.ARM.Collect$$libinit$$00000030)
    __rt_lib_init_return                     0x080001bd   Thumb Code     0  libinit2.o(.ARM.Collect$$libinit$$00000033)
    __rt_lib_init_stdio_1                    0x080001bd   Thumb Code     0  libinit2.o(.ARM.Collect$$libinit$$00000025)
    __rt_lib_shutdown                        0x080001bf   Thumb Code     0  libshutdown.o(.ARM.Collect$$libshutdown$$00000000)
    __rt_lib_shutdown_stdio_2                0x080001c1   Thumb Code     0  libshutdown2.o(.ARM.Collect$$libshutdown$$00000002)
    __rt_lib_shutdown_fp_trap_1              0x080001c5   Thumb Code     0  libshutdown2.o(.ARM.Collect$$libshutdown$$00000006)
    __rt_lib_shutdown_heap_1                 0x080001c5   Thumb Code     0  libshutdown2.o(.ARM.Collect$$libshutdown$$0000000E)
    __rt_lib_shutdown_return                 0x080001c5   Thumb Code     0  libshutdown2.o(.ARM.Collect$$libshutdown$$0000000F)
    __rt_lib_shutdown_signal_1               0x080001c5   Thumb Code     0  libshutdown2.o(.ARM.Collect$$libshutdown$$00000009)
    __rt_lib_shutdown_stdio_1                0x080001c5   Thumb Code     0  libshutdown2.o(.ARM.Collect$$libshutdown$$00000003)
    __rt_lib_shutdown_user_alloc_1           0x080001c5   Thumb Code     0  libshutdown2.o(.ARM.Collect$$libshutdown$$0000000B)
    __rt_entry                               0x080001c7   Thumb Code     0  __rtentry.o(.ARM.Collect$$rtentry$$00000000)
    __rt_entry_presh_1                       0x080001c7   Thumb Code     0  __rtentry2.o(.ARM.Collect$$rtentry$$00000002)
    __rt_entry_sh                            0x080001c7   Thumb Code     0  __rtentry4.o(.ARM.Collect$$rtentry$$00000004)
    __rt_entry_li                            0x080001cd   Thumb Code     0  __rtentry2.o(.ARM.Collect$$rtentry$$0000000A)
    __rt_entry_postsh_1                      0x080001cd   Thumb Code     0  __rtentry2.o(.ARM.Collect$$rtentry$$00000009)
    __rt_entry_main                          0x080001d1   Thumb Code     0  __rtentry2.o(.ARM.Collect$$rtentry$$0000000D)
    __rt_entry_postli_1                      0x080001d1   Thumb Code     0  __rtentry2.o(.ARM.Collect$$rtentry$$0000000C)
    __rt_exit                                0x080001d9   Thumb Code     0  rtexit.o(.ARM.Collect$$rtexit$$00000000)
    __rt_exit_ls                             0x080001db   Thumb Code     0  rtexit2.o(.ARM.Collect$$rtexit$$00000003)
    __rt_exit_prels_1                        0x080001db   Thumb Code     0  rtexit2.o(.ARM.Collect$$rtexit$$00000002)
    __rt_exit_exit                           0x080001df   Thumb Code     0  rtexit2.o(.ARM.Collect$$rtexit$$00000004)
    Reset_Handler                            0x080001e5   Thumb Code     8  startup_stm32f10x_hd.o(.text)
    _maybe_terminate_alloc                   0x080001e5   Thumb Code     0  maybetermalloc1.o(.emb_text)
    ADC1_2_IRQHandler                        0x080001ff   Thumb Code     0  startup_stm32f10x_hd.o(.text)
    ADC3_IRQHandler                          0x080001ff   Thumb Code     0  startup_stm32f10x_hd.o(.text)
    CAN1_RX1_IRQHandler                      0x080001ff   Thumb Code     0  startup_stm32f10x_hd.o(.text)
    CAN1_SCE_IRQHandler                      0x080001ff   Thumb Code     0  startup_stm32f10x_hd.o(.text)
    DMA1_Channel1_IRQHandler                 0x080001ff   Thumb Code     0  startup_stm32f10x_hd.o(.text)
    DMA1_Channel2_IRQHandler                 0x080001ff   Thumb Code     0  startup_stm32f10x_hd.o(.text)
    DMA1_Channel3_IRQHandler                 0x080001ff   Thumb Code     0  startup_stm32f10x_hd.o(.text)
    DMA1_Channel4_IRQHandler                 0x080001ff   Thumb Code     0  startup_stm32f10x_hd.o(.text)
    DMA1_Channel5_IRQHandler                 0x080001ff   Thumb Code     0  startup_stm32f10x_hd.o(.text)
    DMA1_Channel6_IRQHandler                 0x080001ff   Thumb Code     0  startup_stm32f10x_hd.o(.text)
    DMA1_Channel7_IRQHandler                 0x080001ff   Thumb Code     0  startup_stm32f10x_hd.o(.text)
    DMA2_Channel1_IRQHandler                 0x080001ff   Thumb Code     0  startup_stm32f10x_hd.o(.text)
    DMA2_Channel2_IRQHandler                 0x080001ff   Thumb Code     0  startup_stm32f10x_hd.o(.text)
    DMA2_Channel3_IRQHandler                 0x080001ff   Thumb Code     0  startup_stm32f10x_hd.o(.text)
    DMA2_Channel4_5_IRQHandler               0x080001ff   Thumb Code     0  startup_stm32f10x_hd.o(.text)
    EXTI0_IRQHandler                         0x080001ff   Thumb Code     0  startup_stm32f10x_hd.o(.text)
    EXTI15_10_IRQHandler                     0x080001ff   Thumb Code     0  startup_stm32f10x_hd.o(.text)
    EXTI1_IRQHandler                         0x080001ff   Thumb Code     0  startup_stm32f10x_hd.o(.text)
    EXTI2_IRQHandler                         0x080001ff   Thumb Code     0  startup_stm32f10x_hd.o(.text)
    EXTI3_IRQHandler                         0x080001ff   Thumb Code     0  startup_stm32f10x_hd.o(.text)
    EXTI4_IRQHandler                         0x080001ff   Thumb Code     0  startup_stm32f10x_hd.o(.text)
    EXTI9_5_IRQHandler                       0x080001ff   Thumb Code     0  startup_stm32f10x_hd.o(.text)
    FLASH_IRQHandler                         0x080001ff   Thumb Code     0  startup_stm32f10x_hd.o(.text)
    FSMC_IRQHandler                          0x080001ff   Thumb Code     0  startup_stm32f10x_hd.o(.text)
    I2C1_ER_IRQHandler                       0x080001ff   Thumb Code     0  startup_stm32f10x_hd.o(.text)
    I2C1_EV_IRQHandler                       0x080001ff   Thumb Code     0  startup_stm32f10x_hd.o(.text)
    I2C2_ER_IRQHandler                       0x080001ff   Thumb Code     0  startup_stm32f10x_hd.o(.text)
    I2C2_EV_IRQHandler                       0x080001ff   Thumb Code     0  startup_stm32f10x_hd.o(.text)
    PVD_IRQHandler                           0x080001ff   Thumb Code     0  startup_stm32f10x_hd.o(.text)
    RCC_IRQHandler                           0x080001ff   Thumb Code     0  startup_stm32f10x_hd.o(.text)
    RTCAlarm_IRQHandler                      0x080001ff   Thumb Code     0  startup_stm32f10x_hd.o(.text)
    RTC_IRQHandler                           0x080001ff   Thumb Code     0  startup_stm32f10x_hd.o(.text)
    SDIO_IRQHandler                          0x080001ff   Thumb Code     0  startup_stm32f10x_hd.o(.text)
    SPI1_IRQHandler                          0x080001ff   Thumb Code     0  startup_stm32f10x_hd.o(.text)
    SPI2_IRQHandler                          0x080001ff   Thumb Code     0  startup_stm32f10x_hd.o(.text)
    SPI3_IRQHandler                          0x080001ff   Thumb Code     0  startup_stm32f10x_hd.o(.text)
    TAMPER_IRQHandler                        0x080001ff   Thumb Code     0  startup_stm32f10x_hd.o(.text)
    TIM1_BRK_IRQHandler                      0x080001ff   Thumb Code     0  startup_stm32f10x_hd.o(.text)
    TIM1_CC_IRQHandler                       0x080001ff   Thumb Code     0  startup_stm32f10x_hd.o(.text)
    TIM1_TRG_COM_IRQHandler                  0x080001ff   Thumb Code     0  startup_stm32f10x_hd.o(.text)
    TIM1_UP_IRQHandler                       0x080001ff   Thumb Code     0  startup_stm32f10x_hd.o(.text)
    TIM2_IRQHandler                          0x080001ff   Thumb Code     0  startup_stm32f10x_hd.o(.text)
    TIM4_IRQHandler                          0x080001ff   Thumb Code     0  startup_stm32f10x_hd.o(.text)
    TIM5_IRQHandler                          0x080001ff   Thumb Code     0  startup_stm32f10x_hd.o(.text)
    TIM6_IRQHandler                          0x080001ff   Thumb Code     0  startup_stm32f10x_hd.o(.text)
    TIM7_IRQHandler                          0x080001ff   Thumb Code     0  startup_stm32f10x_hd.o(.text)
    TIM8_BRK_IRQHandler                      0x080001ff   Thumb Code     0  startup_stm32f10x_hd.o(.text)
    TIM8_CC_IRQHandler                       0x080001ff   Thumb Code     0  startup_stm32f10x_hd.o(.text)
    TIM8_TRG_COM_IRQHandler                  0x080001ff   Thumb Code     0  startup_stm32f10x_hd.o(.text)
    TIM8_UP_IRQHandler                       0x080001ff   Thumb Code     0  startup_stm32f10x_hd.o(.text)
    UART4_IRQHandler                         0x080001ff   Thumb Code     0  startup_stm32f10x_hd.o(.text)
    UART5_IRQHandler                         0x080001ff   Thumb Code     0  startup_stm32f10x_hd.o(.text)
    USART1_IRQHandler                        0x080001ff   Thumb Code     0  startup_stm32f10x_hd.o(.text)
    USART2_IRQHandler                        0x080001ff   Thumb Code     0  startup_stm32f10x_hd.o(.text)
    USART3_IRQHandler                        0x080001ff   Thumb Code     0  startup_stm32f10x_hd.o(.text)
    USBWakeUp_IRQHandler                     0x080001ff   Thumb Code     0  startup_stm32f10x_hd.o(.text)
    USB_HP_CAN1_TX_IRQHandler                0x080001ff   Thumb Code     0  startup_stm32f10x_hd.o(.text)
    USB_LP_CAN1_RX0_IRQHandler               0x080001ff   Thumb Code     0  startup_stm32f10x_hd.o(.text)
    WWDG_IRQHandler                          0x080001ff   Thumb Code     0  startup_stm32f10x_hd.o(.text)
    __user_initial_stackheap                 0x08000201   Thumb Code     0  startup_stm32f10x_hd.o(.text)
    __2printf                                0x08000225   Thumb Code    20  noretval__2printf.o(.text)
    __printf                                 0x0800023d   Thumb Code   104  __printf.o(.text)
    _printf_int_dec                          0x080002a5   Thumb Code   104  _printf_dec.o(.text)
    __use_two_region_memory                  0x0800031d   Thumb Code     2  heapauxi.o(.text)
    __rt_heap_escrow                         0x0800031f   Thumb Code     2  heapauxi.o(.text)
    __rt_heap_expand                         0x08000321   Thumb Code     2  heapauxi.o(.text)
    _printf_int_common                       0x08000323   Thumb Code   178  _printf_intcommon.o(.text)
    _printf_char_file                        0x080003d5   Thumb Code    32  _printf_char_file.o(.text)
    _printf_char_common                      0x08000403   Thumb Code    32  _printf_char_common.o(.text)
    ferror                                   0x08000429   Thumb Code     8  ferror.o(.text)
    _initio                                  0x08000431   Thumb Code   210  initio.o(.text)
    _terminateio                             0x08000503   Thumb Code    56  initio.o(.text)
    _sys_open                                0x08000569   Thumb Code    20  sys_io.o(.text)
    _sys_close                               0x0800057d   Thumb Code    12  sys_io.o(.text)
    _sys_write                               0x08000589   Thumb Code    16  sys_io.o(.text)
    _sys_read                                0x08000599   Thumb Code    14  sys_io.o(.text)
    _sys_istty                               0x080005a7   Thumb Code    12  sys_io.o(.text)
    _sys_seek                                0x080005b3   Thumb Code    14  sys_io.o(.text)
    _sys_ensure                              0x080005c1   Thumb Code     2  sys_io.o(.text)
    _sys_flen                                0x080005c3   Thumb Code    12  sys_io.o(.text)
    __user_setup_stackheap                   0x080005cf   Thumb Code    74  sys_stackheap_outer.o(.text)
    free                                     0x08000619   Thumb Code    78  h1_free.o(.text)
    __flsbuf                                 0x08000667   Thumb Code   470  flsbuf.o(.text)
    __flsbuf_byte                            0x08000667   Thumb Code     0  flsbuf.o(.text)
    __flsbuf_wide                            0x08000667   Thumb Code     0  flsbuf.o(.text)
    setvbuf                                  0x0800083d   Thumb Code    70  setvbuf.o(.text)
    freopen                                  0x08000885   Thumb Code   158  fopen.o(.text)
    fopen                                    0x08000923   Thumb Code    74  fopen.o(.text)
    _fclose_internal                         0x08000971   Thumb Code    76  fclose.o(.text)
    fclose                                   0x08000971   Thumb Code     0  fclose.o(.text)
    exit                                     0x080009bd   Thumb Code    12  exit.o(.text)
    __rt_SIGRTRED                            0x080009c9   Thumb Code    14  defsig_rtred_outer.o(.text)
    __aeabi_memclr4                          0x080009d7   Thumb Code     0  rt_memclr_w.o(.text)
    __aeabi_memclr8                          0x080009d7   Thumb Code     0  rt_memclr_w.o(.text)
    __rt_memclr_w                            0x080009d7   Thumb Code    78  rt_memclr_w.o(.text)
    _memset_w                                0x080009db   Thumb Code     0  rt_memclr_w.o(.text)
    __user_libspace                          0x08000a25   Thumb Code     8  libspace.o(.text)
    __user_perproc_libspace                  0x08000a25   Thumb Code     0  libspace.o(.text)
    __user_perthread_libspace                0x08000a25   Thumb Code     0  libspace.o(.text)
    __I$use$semihosting                      0x08000a2d   Thumb Code     0  use_no_semi.o(.text)
    __use_no_semihosting_swi                 0x08000a2d   Thumb Code     2  use_no_semi.o(.text)
    __semihosting_library_function           0x08000a2f   Thumb Code     0  indicate_semi.o(.text)
    __rt_heap_descriptor                     0x08000a31   Thumb Code     8  rt_heap_descriptor_intlibspace.o(.text)
    __use_no_heap                            0x08000a39   Thumb Code     2  hguard.o(.text)
    __heap$guard                             0x08000a3b   Thumb Code     2  hguard.o(.text)
    _terminate_user_alloc                    0x08000a3d   Thumb Code     2  init_alloc.o(.text)
    _init_user_alloc                         0x08000a3f   Thumb Code     2  init_alloc.o(.text)
    __Heap_Full                              0x08000a41   Thumb Code    34  init_alloc.o(.text)
    __Heap_Broken                            0x08000a63   Thumb Code     6  init_alloc.o(.text)
    _init_alloc                              0x08000a69   Thumb Code    94  init_alloc.o(.text)
    malloc                                   0x08000ac7   Thumb Code    94  h1_alloc.o(.text)
    _fseek                                   0x08000b25   Thumb Code   242  fseek.o(.text)
    fseek                                    0x08000b25   Thumb Code     0  fseek.o(.text)
    _seterr                                  0x08000c1d   Thumb Code    20  stdio.o(.text)
    _writebuf                                0x08000c31   Thumb Code    84  stdio.o(.text)
    _fflush                                  0x08000c85   Thumb Code    70  stdio.o(.text)
    _deferredlazyseek                        0x08000ccb   Thumb Code    60  stdio.o(.text)
    __sig_exit                               0x08000d0d   Thumb Code    10  defsig_exit.o(.text)
    __rt_SIGRTRED_inner                      0x08000d19   Thumb Code    14  defsig_rtred_inner.o(.text)
    strlen                                   0x08000d4d   Thumb Code    62  strlen.o(.text)
    _sys_exit                                0x08000d8d   Thumb Code     8  sys_exit.o(.text)
    __Heap_Initialize                        0x08000d99   Thumb Code    10  h1_init.o(.text)
    __Heap_DescSize                          0x08000da3   Thumb Code     4  h1_init.o(.text)
    __Heap_ProvideMemory                     0x08000da7   Thumb Code    52  h1_extend.o(.text)
    _ftell_internal                          0x08000ddb   Thumb Code    66  ftell.o(.text)
    ftell                                    0x08000ddb   Thumb Code     0  ftell.o(.text)
    __default_signal_display                 0x08000e1d   Thumb Code    50  defsig_general.o(.text)
    __rt_SIGRTMEM                            0x08000e4f   Thumb Code    14  defsig_rtmem_outer.o(.text)
    _ttywrch                                 0x08000e5d   Thumb Code    14  sys_wrch.o(.text)
    __aeabi_errno_addr                       0x08000e6d   Thumb Code     8  rt_errno_addr_intlibspace.o(.text)
    __errno$intlibspace                      0x08000e6d   Thumb Code     0  rt_errno_addr_intlibspace.o(.text)
    __rt_errno_addr$intlibspace              0x08000e6d   Thumb Code     0  rt_errno_addr_intlibspace.o(.text)
    __rt_SIGRTMEM_inner                      0x08000e75   Thumb Code    22  defsig_rtmem_inner.o(.text)
    BusFault_Handler                         0x08000ec5   Thumb Code     4  stm32f10x_it.o(i.BusFault_Handler)
    DHT11_Check                              0x08000ec9   Thumb Code    86  dht11.o(i.DHT11_Check)
    DHT11_I                                  0x08000f25   Thumb Code    24  dht11.o(i.DHT11_I)
    DHT11_O                                  0x08000f41   Thumb Code    30  dht11.o(i.DHT11_O)
    DHT11_RST                                0x08000f65   Thumb Code    36  dht11.o(i.DHT11_RST)
    DHT11_Read_Bit                           0x08000f8d   Thumb Code    54  dht11.o(i.DHT11_Read_Bit)
    DHT11_Read_Byte                          0x08000fc9   Thumb Code    32  dht11.o(i.DHT11_Read_Byte)
    DHT11_Read_Data                          0x08000fe9   Thumb Code    92  dht11.o(i.DHT11_Read_Data)
    DHT11_Test                               0x08001045   Thumb Code    56  dht11.o(i.DHT11_Test)
    DebugMon_Handler                         0x080010d5   Thumb Code     2  stm32f10x_it.o(i.DebugMon_Handler)
    GPIO_Init                                0x080010d7   Thumb Code   278  stm32f10x_gpio.o(i.GPIO_Init)
    GPIO_ReadInputDataBit                    0x080011ed   Thumb Code    18  stm32f10x_gpio.o(i.GPIO_ReadInputDataBit)
    GPIO_ResetBits                           0x080011ff   Thumb Code     4  stm32f10x_gpio.o(i.GPIO_ResetBits)
    GPIO_SetBits                             0x08001203   Thumb Code     4  stm32f10x_gpio.o(i.GPIO_SetBits)
    HardFault_Handler                        0x08001207   Thumb Code     4  stm32f10x_it.o(i.HardFault_Handler)
    MemManage_Handler                        0x0800120b   Thumb Code     4  stm32f10x_it.o(i.MemManage_Handler)
    NMI_Handler                              0x0800120f   Thumb Code     2  stm32f10x_it.o(i.NMI_Handler)
    NVIC_Init                                0x08001211   Thumb Code   100  misc.o(i.NVIC_Init)
    NVIC_PriorityGroupConfig                 0x08001281   Thumb Code    10  misc.o(i.NVIC_PriorityGroupConfig)
    NVICx_Init                               0x08001295   Thumb Code    42  usart.o(i.NVICx_Init)
    PendSV_Handler                           0x080012bf   Thumb Code     2  stm32f10x_it.o(i.PendSV_Handler)
    RCC_APB2PeriphClockCmd                   0x080012c1   Thumb Code    26  stm32f10x_rcc.o(i.RCC_APB2PeriphClockCmd)
    RCC_GetClocksFreq                        0x080012e1   Thumb Code   192  stm32f10x_rcc.o(i.RCC_GetClocksFreq)
    SVC_Handler                              0x080013b5   Thumb Code     2  stm32f10x_it.o(i.SVC_Handler)
    SysTick_Handler                          0x080014a1   Thumb Code     2  stm32f10x_it.o(i.SysTick_Handler)
    SystemInit                               0x080014a5   Thumb Code    78  system_stm32f10x.o(i.SystemInit)
    TIM3_IRQHandler                          0x08001505   Thumb Code    42  stm32f10x_it.o(i.TIM3_IRQHandler)
    TIM_ClearITPendingBit                    0x0800153d   Thumb Code     6  stm32f10x_tim.o(i.TIM_ClearITPendingBit)
    USART_ClearFlag                          0x08001543   Thumb Code    18  stm32f10x_usart.o(i.USART_ClearFlag)
    USART_Cmd                                0x08001555   Thumb Code    24  stm32f10x_usart.o(i.USART_Cmd)
    USART_Config                             0x0800156d   Thumb Code   156  usart.o(i.USART_Config)
    USART_Configuration                      0x08001611   Thumb Code    72  usart.o(i.USART_Configuration)
    USART_ITConfig                           0x0800165d   Thumb Code    74  stm32f10x_usart.o(i.USART_ITConfig)
    USART_Init                               0x080016a9   Thumb Code   210  stm32f10x_usart.o(i.USART_Init)
    USART_user                               0x08001781   Thumb Code    16  usart.o(i.USART_user)
    UsageFault_Handler                       0x08001791   Thumb Code     4  stm32f10x_it.o(i.UsageFault_Handler)
    delay_ms                                 0x08001795   Thumb Code    64  delay.o(i.delay_ms)
    delay_us                                 0x080017d5   Thumb Code    62  delay.o(i.delay_us)
    fputc                                    0x08001813   Thumb Code    26  fputc.o(i.fputc)
    main                                     0x0800182d   Thumb Code    28  main.o(i.main)
    __stdin_name                             0x08001848   Data           4  sys_io.o(.constdata)
    __stdout_name                            0x0800184c   Data           4  sys_io.o(.constdata)
    __stderr_name                            0x08001850   Data           4  sys_io.o(.constdata)
    Region$$Table$$Base                      0x08001854   Number         0  anon$$obj.o(Region$$Table)
    Region$$Table$$Limit                     0x08001874   Number         0  anon$$obj.o(Region$$Table)
    __aeabi_stdin                            0x20000014   Data           4  stdio_streams.o(.data)
    __aeabi_stdout                           0x20000018   Data           4  stdio_streams.o(.data)
    __aeabi_stderr                           0x2000001c   Data           4  stdio_streams.o(.data)
    __stdin                                  0x20000020   Data          84  stdio_streams.o(.bss)
    __stdout                                 0x20000074   Data          84  stdio_streams.o(.bss)
    __stderr                                 0x200000c8   Data          84  stdio_streams.o(.bss)
    __libspace_start                         0x2000011c   Data          96  libspace.o(.bss)
    __temporary_stack_top$libspace           0x2000017c   Data           0  libspace.o(.bss)



==============================================================================

Memory Map of the image

  Image Entry point : 0x08000131

  Load Region LR_IROM1 (Base: 0x08000000, Size: 0x00001894, Max: 0x00080000, ABSOLUTE)

    Execution Region ER_IROM1 (Base: 0x08000000, Size: 0x00001874, Max: 0x00080000, ABSOLUTE)

    Base Addr    Size         Type   Attr      Idx    E Section Name        Object

    0x08000000   0x00000130   Data   RO            3    RESET               startup_stm32f10x_hd.o
    0x08000130   0x00000008   Code   RO         1615  * !!!main             c_w.l(__main.o)
    0x08000138   0x00000034   Code   RO         1965    !!!scatter          c_w.l(__scatter.o)
    0x0800016c   0x0000001a   Code   RO         1967    !!handler_copy      c_w.l(__scatter_copy.o)
    0x08000186   0x00000002   PAD
    0x08000188   0x0000001c   Code   RO         1969    !!handler_zi        c_w.l(__scatter_zi.o)
    0x080001a4   0x00000000   Code   RO         1612    .ARM.Collect$$_printf_percent$$00000000  c_w.l(_printf_percent.o)
    0x080001a4   0x00000006   Code   RO         1611    .ARM.Collect$$_printf_percent$$00000009  c_w.l(_printf_d.o)
    0x080001aa   0x00000004   Code   RO         1622    .ARM.Collect$$_printf_percent$$00000017  c_w.l(_printf_percent_end.o)
    0x080001ae   0x00000002   Code   RO         1753    .ARM.Collect$$libinit$$00000000  c_w.l(libinit.o)
    0x080001b0   0x00000000   Code   RO         1755    .ARM.Collect$$libinit$$00000002  c_w.l(libinit2.o)
    0x080001b0   0x00000000   Code   RO         1757    .ARM.Collect$$libinit$$00000004  c_w.l(libinit2.o)
    0x080001b0   0x00000008   Code   RO         1758    .ARM.Collect$$libinit$$00000005  c_w.l(libinit2.o)
    0x080001b8   0x00000000   Code   RO         1760    .ARM.Collect$$libinit$$0000000A  c_w.l(libinit2.o)
    0x080001b8   0x00000000   Code   RO         1762    .ARM.Collect$$libinit$$0000000C  c_w.l(libinit2.o)
    0x080001b8   0x00000000   Code   RO         1764    .ARM.Collect$$libinit$$0000000E  c_w.l(libinit2.o)
    0x080001b8   0x00000000   Code   RO         1767    .ARM.Collect$$libinit$$00000011  c_w.l(libinit2.o)
    0x080001b8   0x00000000   Code   RO         1769    .ARM.Collect$$libinit$$00000013  c_w.l(libinit2.o)
    0x080001b8   0x00000000   Code   RO         1771    .ARM.Collect$$libinit$$00000015  c_w.l(libinit2.o)
    0x080001b8   0x00000000   Code   RO         1773    .ARM.Collect$$libinit$$00000017  c_w.l(libinit2.o)
    0x080001b8   0x00000000   Code   RO         1775    .ARM.Collect$$libinit$$00000019  c_w.l(libinit2.o)
    0x080001b8   0x00000000   Code   RO         1777    .ARM.Collect$$libinit$$0000001B  c_w.l(libinit2.o)
    0x080001b8   0x00000000   Code   RO         1779    .ARM.Collect$$libinit$$0000001D  c_w.l(libinit2.o)
    0x080001b8   0x00000000   Code   RO         1781    .ARM.Collect$$libinit$$0000001F  c_w.l(libinit2.o)
    0x080001b8   0x00000000   Code   RO         1783    .ARM.Collect$$libinit$$00000021  c_w.l(libinit2.o)
    0x080001b8   0x00000000   Code   RO         1785    .ARM.Collect$$libinit$$00000023  c_w.l(libinit2.o)
    0x080001b8   0x00000004   Code   RO         1786    .ARM.Collect$$libinit$$00000024  c_w.l(libinit2.o)
    0x080001bc   0x00000000   Code   RO         1787    .ARM.Collect$$libinit$$00000025  c_w.l(libinit2.o)
    0x080001bc   0x00000000   Code   RO         1791    .ARM.Collect$$libinit$$0000002C  c_w.l(libinit2.o)
    0x080001bc   0x00000000   Code   RO         1793    .ARM.Collect$$libinit$$0000002E  c_w.l(libinit2.o)
    0x080001bc   0x00000000   Code   RO         1795    .ARM.Collect$$libinit$$00000030  c_w.l(libinit2.o)
    0x080001bc   0x00000000   Code   RO         1797    .ARM.Collect$$libinit$$00000032  c_w.l(libinit2.o)
    0x080001bc   0x00000002   Code   RO         1798    .ARM.Collect$$libinit$$00000033  c_w.l(libinit2.o)
    0x080001be   0x00000002   Code   RO         1944    .ARM.Collect$$libshutdown$$00000000  c_w.l(libshutdown.o)
    0x080001c0   0x00000004   Code   RO         1800    .ARM.Collect$$libshutdown$$00000002  c_w.l(libshutdown2.o)
    0x080001c4   0x00000000   Code   RO         1801    .ARM.Collect$$libshutdown$$00000003  c_w.l(libshutdown2.o)
    0x080001c4   0x00000000   Code   RO         1804    .ARM.Collect$$libshutdown$$00000006  c_w.l(libshutdown2.o)
    0x080001c4   0x00000000   Code   RO         1807    .ARM.Collect$$libshutdown$$00000009  c_w.l(libshutdown2.o)
    0x080001c4   0x00000000   Code   RO         1809    .ARM.Collect$$libshutdown$$0000000B  c_w.l(libshutdown2.o)
    0x080001c4   0x00000000   Code   RO         1812    .ARM.Collect$$libshutdown$$0000000E  c_w.l(libshutdown2.o)
    0x080001c4   0x00000002   Code   RO         1813    .ARM.Collect$$libshutdown$$0000000F  c_w.l(libshutdown2.o)
    0x080001c6   0x00000000   Code   RO         1617    .ARM.Collect$$rtentry$$00000000  c_w.l(__rtentry.o)
    0x080001c6   0x00000000   Code   RO         1630    .ARM.Collect$$rtentry$$00000002  c_w.l(__rtentry2.o)
    0x080001c6   0x00000006   Code   RO         1642    .ARM.Collect$$rtentry$$00000004  c_w.l(__rtentry4.o)
    0x080001cc   0x00000000   Code   RO         1632    .ARM.Collect$$rtentry$$00000009  c_w.l(__rtentry2.o)
    0x080001cc   0x00000004   Code   RO         1633    .ARM.Collect$$rtentry$$0000000A  c_w.l(__rtentry2.o)
    0x080001d0   0x00000000   Code   RO         1635    .ARM.Collect$$rtentry$$0000000C  c_w.l(__rtentry2.o)
    0x080001d0   0x00000008   Code   RO         1636    .ARM.Collect$$rtentry$$0000000D  c_w.l(__rtentry2.o)
    0x080001d8   0x00000002   Code   RO         1822    .ARM.Collect$$rtexit$$00000000  c_w.l(rtexit.o)
    0x080001da   0x00000000   Code   RO         1880    .ARM.Collect$$rtexit$$00000002  c_w.l(rtexit2.o)
    0x080001da   0x00000004   Code   RO         1881    .ARM.Collect$$rtexit$$00000003  c_w.l(rtexit2.o)
    0x080001de   0x00000006   Code   RO         1882    .ARM.Collect$$rtexit$$00000004  c_w.l(rtexit2.o)
    0x080001e4   0x00000000   Code   RO         1886    .emb_text           c_w.l(maybetermalloc1.o)
    0x080001e4   0x00000040   Code   RO            4    .text               startup_stm32f10x_hd.o
    0x08000224   0x00000018   Code   RO         1585    .text               c_w.l(noretval__2printf.o)
    0x0800023c   0x00000068   Code   RO         1587    .text               c_w.l(__printf.o)
    0x080002a4   0x00000078   Code   RO         1589    .text               c_w.l(_printf_dec.o)
    0x0800031c   0x00000006   Code   RO         1613    .text               c_w.l(heapauxi.o)
    0x08000322   0x000000b2   Code   RO         1618    .text               c_w.l(_printf_intcommon.o)
    0x080003d4   0x00000024   Code   RO         1620    .text               c_w.l(_printf_char_file.o)
    0x080003f8   0x00000030   Code   RO         1644    .text               c_w.l(_printf_char_common.o)
    0x08000428   0x00000008   Code   RO         1646    .text               c_w.l(ferror.o)
    0x08000430   0x00000138   Code   RO         1652    .text               c_w.l(initio.o)
    0x08000568   0x00000066   Code   RO         1660    .text               c_w.l(sys_io.o)
    0x080005ce   0x0000004a   Code   RO         1667    .text               c_w.l(sys_stackheap_outer.o)
    0x08000618   0x0000004e   Code   RO         1671    .text               c_w.l(h1_free.o)
    0x08000666   0x000001d6   Code   RO         1727    .text               c_w.l(flsbuf.o)
    0x0800083c   0x00000046   Code   RO         1729    .text               c_w.l(setvbuf.o)
    0x08000882   0x00000002   PAD
    0x08000884   0x000000ec   Code   RO         1732    .text               c_w.l(fopen.o)
    0x08000970   0x0000004c   Code   RO         1734    .text               c_w.l(fclose.o)
    0x080009bc   0x0000000c   Code   RO         1740    .text               c_w.l(exit.o)
    0x080009c8   0x0000000e   Code   RO         1742    .text               c_w.l(defsig_rtred_outer.o)
    0x080009d6   0x0000004e   Code   RO         1746    .text               c_w.l(rt_memclr_w.o)
    0x08000a24   0x00000008   Code   RO         1816    .text               c_w.l(libspace.o)
    0x08000a2c   0x00000002   Code   RO         1819    .text               c_w.l(use_no_semi.o)
    0x08000a2e   0x00000000   Code   RO         1821    .text               c_w.l(indicate_semi.o)
    0x08000a2e   0x00000002   PAD
    0x08000a30   0x00000008   Code   RO         1829    .text               c_w.l(rt_heap_descriptor_intlibspace.o)
    0x08000a38   0x00000004   Code   RO         1831    .text               c_w.l(hguard.o)
    0x08000a3c   0x0000008a   Code   RO         1833    .text               c_w.l(init_alloc.o)
    0x08000ac6   0x0000005e   Code   RO         1839    .text               c_w.l(h1_alloc.o)
    0x08000b24   0x000000f8   Code   RO         1855    .text               c_w.l(fseek.o)
    0x08000c1c   0x000000f0   Code   RO         1857    .text               c_w.l(stdio.o)
    0x08000d0c   0x0000000a   Code   RO         1863    .text               c_w.l(defsig_exit.o)
    0x08000d16   0x00000002   PAD
    0x08000d18   0x00000034   Code   RO         1865    .text               c_w.l(defsig_rtred_inner.o)
    0x08000d4c   0x0000003e   Code   RO         1869    .text               c_w.l(strlen.o)
    0x08000d8a   0x00000002   PAD
    0x08000d8c   0x0000000c   Code   RO         1877    .text               c_w.l(sys_exit.o)
    0x08000d98   0x0000000e   Code   RO         1888    .text               c_w.l(h1_init.o)
    0x08000da6   0x00000034   Code   RO         1890    .text               c_w.l(h1_extend.o)
    0x08000dda   0x00000042   Code   RO         1900    .text               c_w.l(ftell.o)
    0x08000e1c   0x00000032   Code   RO         1908    .text               c_w.l(defsig_general.o)
    0x08000e4e   0x0000000e   Code   RO         1910    .text               c_w.l(defsig_rtmem_outer.o)
    0x08000e5c   0x0000000e   Code   RO         1925    .text               c_w.l(sys_wrch.o)
    0x08000e6a   0x00000002   PAD
    0x08000e6c   0x00000008   Code   RO         1932    .text               c_w.l(rt_errno_addr_intlibspace.o)
    0x08000e74   0x00000050   Code   RO         1938    .text               c_w.l(defsig_rtmem_inner.o)
    0x08000ec4   0x00000004   Code   RO         1512    i.BusFault_Handler  stm32f10x_it.o
    0x08000ec8   0x0000005c   Code   RO         1422    i.DHT11_Check       dht11.o
    0x08000f24   0x0000001c   Code   RO         1423    i.DHT11_I           dht11.o
    0x08000f40   0x00000024   Code   RO         1424    i.DHT11_O           dht11.o
    0x08000f64   0x00000028   Code   RO         1425    i.DHT11_RST         dht11.o
    0x08000f8c   0x0000003c   Code   RO         1426    i.DHT11_Read_Bit    dht11.o
    0x08000fc8   0x00000020   Code   RO         1427    i.DHT11_Read_Byte   dht11.o
    0x08000fe8   0x0000005c   Code   RO         1428    i.DHT11_Read_Data   dht11.o
    0x08001044   0x00000090   Code   RO         1429    i.DHT11_Test        dht11.o
    0x080010d4   0x00000002   Code   RO         1513    i.DebugMon_Handler  stm32f10x_it.o
    0x080010d6   0x00000116   Code   RO           16    i.GPIO_Init         stm32f10x_gpio.o
    0x080011ec   0x00000012   Code   RO           20    i.GPIO_ReadInputDataBit  stm32f10x_gpio.o
    0x080011fe   0x00000004   Code   RO           23    i.GPIO_ResetBits    stm32f10x_gpio.o
    0x08001202   0x00000004   Code   RO           24    i.GPIO_SetBits      stm32f10x_gpio.o
    0x08001206   0x00000004   Code   RO         1514    i.HardFault_Handler  stm32f10x_it.o
    0x0800120a   0x00000004   Code   RO         1515    i.MemManage_Handler  stm32f10x_it.o
    0x0800120e   0x00000002   Code   RO         1516    i.NMI_Handler       stm32f10x_it.o
    0x08001210   0x00000070   Code   RO          465    i.NVIC_Init         misc.o
    0x08001280   0x00000014   Code   RO          466    i.NVIC_PriorityGroupConfig  misc.o
    0x08001294   0x0000002a   Code   RO         1482    i.NVICx_Init        usart.o
    0x080012be   0x00000002   Code   RO         1517    i.PendSV_Handler    stm32f10x_it.o
    0x080012c0   0x00000020   Code   RO          215    i.RCC_APB2PeriphClockCmd  stm32f10x_rcc.o
    0x080012e0   0x000000d4   Code   RO          223    i.RCC_GetClocksFreq  stm32f10x_rcc.o
    0x080013b4   0x00000002   Code   RO         1518    i.SVC_Handler       stm32f10x_it.o
    0x080013b6   0x00000008   Code   RO         1239    i.SetSysClock       system_stm32f10x.o
    0x080013be   0x00000002   PAD
    0x080013c0   0x000000e0   Code   RO         1240    i.SetSysClockTo72   system_stm32f10x.o
    0x080014a0   0x00000002   Code   RO         1519    i.SysTick_Handler   stm32f10x_it.o
    0x080014a2   0x00000002   PAD
    0x080014a4   0x00000060   Code   RO         1242    i.SystemInit        system_stm32f10x.o
    0x08001504   0x00000038   Code   RO         1520    i.TIM3_IRQHandler   stm32f10x_it.o
    0x0800153c   0x00000006   Code   RO          512    i.TIM_ClearITPendingBit  stm32f10x_tim.o
    0x08001542   0x00000012   Code   RO         1049    i.USART_ClearFlag   stm32f10x_usart.o
    0x08001554   0x00000018   Code   RO         1053    i.USART_Cmd         stm32f10x_usart.o
    0x0800156c   0x000000a4   Code   RO         1483    i.USART_Config      usart.o
    0x08001610   0x0000004c   Code   RO         1484    i.USART_Configuration  usart.o
    0x0800165c   0x0000004a   Code   RO         1059    i.USART_ITConfig    stm32f10x_usart.o
    0x080016a6   0x00000002   PAD
    0x080016a8   0x000000d8   Code   RO         1060    i.USART_Init        stm32f10x_usart.o
    0x08001780   0x00000010   Code   RO         1485    i.USART_user        usart.o
    0x08001790   0x00000004   Code   RO         1521    i.UsageFault_Handler  stm32f10x_it.o
    0x08001794   0x00000040   Code   RO         1336    i.delay_ms          delay.o
    0x080017d4   0x0000003e   Code   RO         1337    i.delay_us          delay.o
    0x08001812   0x0000001a   Code   RO         1649    i.fputc             c_w.l(fputc.o)
    0x0800182c   0x0000001c   Code   RO         1293    i.main              main.o
    0x08001848   0x00000004   Data   RO         1661    .constdata          c_w.l(sys_io.o)
    0x0800184c   0x00000004   Data   RO         1662    .constdata          c_w.l(sys_io.o)
    0x08001850   0x00000004   Data   RO         1663    .constdata          c_w.l(sys_io.o)
    0x08001854   0x00000020   Data   RO         1963    Region$$Table       anon$$obj.o


    Execution Region RW_IRAM1 (Base: 0x20000000, Size: 0x00000780, Max: 0x00010000, ABSOLUTE)

    Base Addr    Size         Type   Attr      Idx    E Section Name        Object

    0x20000000   0x00000014   Data   RW          243    .data               stm32f10x_rcc.o
    0x20000014   0x00000004   Data   RW         1626    .data               c_w.l(stdio_streams.o)
    0x20000018   0x00000004   Data   RW         1627    .data               c_w.l(stdio_streams.o)
    0x2000001c   0x00000004   Data   RW         1628    .data               c_w.l(stdio_streams.o)
    0x20000020   0x00000054   Zero   RW         1623    .bss                c_w.l(stdio_streams.o)
    0x20000074   0x00000054   Zero   RW         1624    .bss                c_w.l(stdio_streams.o)
    0x200000c8   0x00000054   Zero   RW         1625    .bss                c_w.l(stdio_streams.o)
    0x2000011c   0x00000060   Zero   RW         1817    .bss                c_w.l(libspace.o)
    0x2000017c   0x00000004   PAD
    0x20000180   0x00000200   Zero   RW            2    HEAP                startup_stm32f10x_hd.o
    0x20000380   0x00000400   Zero   RW            1    STACK               startup_stm32f10x_hd.o


==============================================================================

Image component sizes


      Code (inc. data)   RO Data    RW Data    ZI Data      Debug   Object Name

       126          0          0          0          0        942   delay.o
       524        114          0          0          0       4384   dht11.o
        28          0          0          0          0        411   main.o
       132         22          0          0          0       1411   misc.o
        64         26        304          0       1536        816   startup_stm32f10x_hd.o
       304          0          0          0          0     256100   stm32f10x_gpio.o
        82         14          0          0          0       4288   stm32f10x_it.o
       244         26          0         20          0       3721   stm32f10x_rcc.o
         6          0          0          0          0        992   stm32f10x_tim.o
       332          6          0          0          0       4504   stm32f10x_usart.o
       328         28          0          0          0       1813   system_stm32f10x.o
       298         12          0          0          0       1979   usart.o

    ----------------------------------------------------------------------
      2474        248        336         20       1536     281361   Object Totals
         0          0         32          0          0          0   (incl. Generated)
         6          0          0          0          0          0   (incl. Padding)

    ----------------------------------------------------------------------

      Code (inc. data)   RO Data    RW Data    ZI Data      Debug   Library Member Name

         8          0          0          0          0         68   __main.o
       104          0          0          0          0         84   __printf.o
         0          0          0          0          0          0   __rtentry.o
        12          0          0          0          0          0   __rtentry2.o
         6          0          0          0          0          0   __rtentry4.o
        52          8          0          0          0          0   __scatter.o
        26          0          0          0          0          0   __scatter_copy.o
        28          0          0          0          0          0   __scatter_zi.o
        48          6          0          0          0         96   _printf_char_common.o
        36          4          0          0          0         80   _printf_char_file.o
         6          0          0          0          0          0   _printf_d.o
       120         16          0          0          0         92   _printf_dec.o
       178          0          0          0          0         88   _printf_intcommon.o
         0          0          0          0          0          0   _printf_percent.o
         4          0          0          0          0          0   _printf_percent_end.o
        10          0          0          0          0         68   defsig_exit.o
        50          0          0          0          0         88   defsig_general.o
        80         58          0          0          0         76   defsig_rtmem_inner.o
        14          0          0          0          0         80   defsig_rtmem_outer.o
        52         38          0          0          0         76   defsig_rtred_inner.o
        14          0          0          0          0         80   defsig_rtred_outer.o
        12          0          0          0          0         72   exit.o
        76          0          0          0          0         88   fclose.o
         8          0          0          0          0         68   ferror.o
       470          0          0          0          0         88   flsbuf.o
       236          4          0          0          0        128   fopen.o
        26          0          0          0          0         68   fputc.o
       248          6          0          0          0         84   fseek.o
        66          0          0          0          0         76   ftell.o
        94          0          0          0          0         80   h1_alloc.o
        52          0          0          0          0         68   h1_extend.o
        78          0          0          0          0         80   h1_free.o
        14          0          0          0          0         84   h1_init.o
         6          0          0          0          0        152   heapauxi.o
         4          0          0          0          0        136   hguard.o
         0          0          0          0          0          0   indicate_semi.o
       138          0          0          0          0        168   init_alloc.o
       312         46          0          0          0        112   initio.o
         2          0          0          0          0          0   libinit.o
        14          0          0          0          0          0   libinit2.o
         2          0          0          0          0          0   libshutdown.o
         6          0          0          0          0          0   libshutdown2.o
         8          4          0          0         96         68   libspace.o
         0          0          0          0          0          0   maybetermalloc1.o
        24          4          0          0          0         84   noretval__2printf.o
         8          4          0          0          0         68   rt_errno_addr_intlibspace.o
         8          4          0          0          0         68   rt_heap_descriptor_intlibspace.o
        78          0          0          0          0         80   rt_memclr_w.o
         2          0          0          0          0          0   rtexit.o
        10          0          0          0          0          0   rtexit2.o
        70          0          0          0          0         80   setvbuf.o
       240          6          0          0          0        156   stdio.o
         0          0          0         12        252          0   stdio_streams.o
        62          0          0          0          0         76   strlen.o
        12          4          0          0          0         68   sys_exit.o
       102          0         12          0          0        240   sys_io.o
        74          0          0          0          0         80   sys_stackheap_outer.o
        14          0          0          0          0         76   sys_wrch.o
         2          0          0          0          0         68   use_no_semi.o

    ----------------------------------------------------------------------
      3438        212         12         12        352       3740   Library Totals
        12          0          0          0          4          0   (incl. Padding)

    ----------------------------------------------------------------------

      Code (inc. data)   RO Data    RW Data    ZI Data      Debug   Library Name

      3426        212         12         12        348       3740   c_w.l

    ----------------------------------------------------------------------
      3438        212         12         12        352       3740   Library Totals

    ----------------------------------------------------------------------

==============================================================================


      Code (inc. data)   RO Data    RW Data    ZI Data      Debug   

      5912        460        348         32       1888     281197   Grand Totals
      5912        460        348         32       1888     281197   ELF Image Totals
      5912        460        348         32          0          0   ROM Totals

==============================================================================

    Total RO  Size (Code + RO Data)                 6260 (   6.11kB)
    Total RW  Size (RW Data + ZI Data)              1920 (   1.88kB)
    Total ROM Size (Code + RO Data + RW Data)       6292 (   6.14kB)

==============================================================================

